Component: ARM Compiler 5.06 update 6 (build 750) Tool: armlink [4d35ed]

==============================================================================

Section Cross References

    startup_stm32f103xe.o(RESET) refers to startup_stm32f103xe.o(STACK) for __initial_sp
    startup_stm32f103xe.o(RESET) refers to startup_stm32f103xe.o(.text) for Reset_Handler
    startup_stm32f103xe.o(RESET) refers to stm32f1xx_it.o(i.NMI_Handler) for NMI_Handler
    startup_stm32f103xe.o(RESET) refers to stm32f1xx_it.o(i.HardFault_Handler) for HardFault_Handler
    startup_stm32f103xe.o(RESET) refers to stm32f1xx_it.o(i.MemManage_Handler) for MemManage_Handler
    startup_stm32f103xe.o(RESET) refers to stm32f1xx_it.o(i.BusFault_Handler) for BusFault_Handler
    startup_stm32f103xe.o(RESET) refers to stm32f1xx_it.o(i.UsageFault_Handler) for UsageFault_Handler
    startup_stm32f103xe.o(RESET) refers to stm32f1xx_it.o(i.SVC_Handler) for SVC_Handler
    startup_stm32f103xe.o(RESET) refers to stm32f1xx_it.o(i.DebugMon_Handler) for DebugMon_Handler
    startup_stm32f103xe.o(RESET) refers to stm32f1xx_it.o(i.PendSV_Handler) for PendSV_Handler
    startup_stm32f103xe.o(RESET) refers to stm32f1xx_it.o(i.SysTick_Handler) for SysTick_Handler
    startup_stm32f103xe.o(RESET) refers to stm32f1xx_it.o(i.EXTI4_IRQHandler) for EXTI4_IRQHandler
    startup_stm32f103xe.o(RESET) refers to stm32f1xx_it.o(i.DMA1_Channel3_IRQHandler) for DMA1_Channel3_IRQHandler
    startup_stm32f103xe.o(RESET) refers to stm32f1xx_it.o(i.EXTI9_5_IRQHandler) for EXTI9_5_IRQHandler
    startup_stm32f103xe.o(RESET) refers to stm32f1xx_it.o(i.USART3_IRQHandler) for USART3_IRQHandler
    startup_stm32f103xe.o(.text) refers to system_stm32f1xx.o(i.SystemInit) for SystemInit
    startup_stm32f103xe.o(.text) refers to entry.o(.ARM.Collect$$$$00000000) for __main
    flash-ops.o(i.flash_ops_write) refers to stm32f1xx_hal_flash.o(i.HAL_FLASH_Unlock) for HAL_FLASH_Unlock
    flash-ops.o(i.flash_ops_write) refers to stm32f1xx_hal_flash_ex.o(i.HAL_FLASHEx_Erase) for HAL_FLASHEx_Erase
    flash-ops.o(i.flash_ops_write) refers to stm32f1xx_hal_flash.o(i.HAL_FLASH_Program) for HAL_FLASH_Program
    flash-ops.o(i.flash_ops_write) refers to stm32f1xx_hal_flash.o(i.HAL_FLASH_Lock) for HAL_FLASH_Lock
    serial-ops.o(i.AT_RECV_RESET_OK) refers to serial-ops.o(.data) for .data
    serial-ops.o(i.AT_RECV_SET_OK) refers to serial-ops.o(.data) for .data
    serial-ops.o(i.at_get_recvbuf) refers to serial-ops.o(.bss) for .bss
    serial-ops.o(i.at_recv_is_ok) refers to serial-ops.o(.data) for .data
    serial-ops.o(i.at_send_than_recv) refers to stm32f1xx_hal_uart.o(i.HAL_UART_Transmit) for HAL_UART_Transmit
    serial-ops.o(i.at_send_than_recv) refers to stm32f1xx_hal.o(i.HAL_Delay) for HAL_Delay
    serial-ops.o(i.at_send_than_recv) refers to memcpya.o(.text) for __aeabi_memcpy
    serial-ops.o(i.at_send_than_recv) refers to serial-ops.o(.data) for .data
    serial-ops.o(i.at_send_than_recv) refers to serial-ops.o(.bss) for .bss
    serial-ops.o(i.at_send_than_recv_match_timeout) refers to stm32f1xx_hal_uart.o(i.HAL_UART_Transmit_IT) for HAL_UART_Transmit_IT
    serial-ops.o(i.at_send_than_recv_match_timeout) refers to stm32f1xx_hal_uart.o(i.HAL_UART_Receive_DMA) for HAL_UART_Receive_DMA
    serial-ops.o(i.at_send_than_recv_match_timeout) refers to strstr.o(.text) for strstr
    serial-ops.o(i.at_send_than_recv_match_timeout) refers to stm32f1xx_hal.o(i.HAL_Delay) for HAL_Delay
    serial-ops.o(i.at_send_than_recv_match_timeout) refers to memcpya.o(.text) for __aeabi_memcpy
    serial-ops.o(i.at_send_than_recv_match_timeout) refers to serial-ops.o(.data) for .data
    serial-ops.o(i.at_send_than_recv_match_timeout) refers to serial-ops.o(.bss) for .bss
    serial-ops.o(i.at_send_than_recv_timeout) refers to stm32f1xx_hal_uart.o(i.HAL_UART_Transmit_IT) for HAL_UART_Transmit_IT
    serial-ops.o(i.at_send_than_recv_timeout) refers to stm32f1xx_hal.o(i.HAL_Delay) for HAL_Delay
    serial-ops.o(i.at_send_than_recv_timeout) refers to memcpya.o(.text) for __aeabi_memcpy
    serial-ops.o(i.at_send_than_recv_timeout) refers to serial-ops.o(.data) for .data
    serial-ops.o(i.at_send_than_recv_timeout) refers to serial-ops.o(.bss) for .bss
    wifi-ops.o(i.wifi_ap_init) refers to strlen.o(.text) for strlen
    wifi-ops.o(i.wifi_ap_init) refers to serial-ops.o(i.at_send_than_recv_match_timeout) for at_send_than_recv_match_timeout
    wifi-ops.o(i.wifi_ap_init) refers to stm32f1xx_hal.o(i.HAL_Delay) for HAL_Delay
    wifi-ops.o(i.wifi_ap_listen) refers to printf6.o(i.__0snprintf$6) for __2snprintf
    wifi-ops.o(i.wifi_ap_listen) refers to strlen.o(.text) for strlen
    wifi-ops.o(i.wifi_ap_listen) refers to serial-ops.o(i.at_send_than_recv_match_timeout) for at_send_than_recv_match_timeout
    wifi-ops.o(i.wifi_ap_send_data) refers to printf6.o(i.__0snprintf$6) for __2snprintf
    wifi-ops.o(i.wifi_ap_send_data) refers to strlen.o(.text) for strlen
[...]
    Removing stm32f1xx_hal_flash_ex.o(i.HAL_FLASHEx_OBGetConfig), (36 bytes).
    Removing stm32f1xx_hal_flash_ex.o(i.HAL_FLASHEx_OBGetUserData), (32 bytes).
    Removing stm32f1xx_hal_flash_ex.o(i.HAL_FLASHEx_OBProgram), (200 bytes).
    Removing system_stm32f1xx.o(.rev16_text), (4 bytes).
    Removing system_stm32f1xx.o(.revsh_text), (4 bytes).
    Removing system_stm32f1xx.o(.rrx_text), (6 bytes).
    Removing system_stm32f1xx.o(i.SystemCoreClockUpdate), (104 bytes).
    Removing dadd.o(.text), (334 bytes).
    Removing dmul.o(.text), (228 bytes).
    Removing ddiv.o(.text), (222 bytes).
    Removing dfixul.o(.text), (48 bytes).
    Removing cdrcmple.o(.text), (48 bytes).
    Removing depilogue.o(.text), (186 bytes).

280 unused section(s) (total 20318 bytes) removed from the image.

==============================================================================

Image Symbol Table

    Local Symbols

    Symbol Name                              Value     Ov Type        Size  Object(Section)

    ..//Src/system_stm32f1xx.c               0x00000000   Number         0  system_stm32f1xx.o ABSOLUTE
    ../Drivers/STM32F1xx_HAL_Driver/Src/stm32f1xx_hal.c 0x00000000   Number         0  stm32f1xx_hal.o ABSOLUTE
    ../Drivers/STM32F1xx_HAL_Driver/Src/stm32f1xx_hal_cortex.c 0x00000000   Number         0  stm32f1xx_hal_cortex.o ABSOLUTE
    ../Drivers/STM32F1xx_HAL_Driver/Src/stm32f1xx_hal_dma.c 0x00000000   Number         0  stm32f1xx_hal_dma.o ABSOLUTE
    ../Drivers/STM32F1xx_HAL_Driver/Src/stm32f1xx_hal_flash.c 0x00000000   Number         0  stm32f1xx_hal_flash.o ABSOLUTE
    ../Drivers/STM32F1xx_HAL_Driver/Src/stm32f1xx_hal_flash_ex.c 0x00000000   Number         0  stm32f1xx_hal_flash_ex.o ABSOLUTE
    ../Drivers/STM32F1xx_HAL_Driver/Src/stm32f1xx_hal_gpio.c 0x00000000   Number         0  stm32f1xx_hal_gpio.o ABSOLUTE
    ../Drivers/STM32F1xx_HAL_Driver/Src/stm32f1xx_hal_gpio_ex.c 0x00000000   Number         0  stm32f1xx_hal_gpio_ex.o ABSOLUTE
    ../Drivers/STM32F1xx_HAL_Driver/Src/stm32f1xx_hal_i2c.c 0x00000000   Number         0  stm32f1xx_hal_i2c.o ABSOLUTE
    ../Drivers/STM32F1xx_HAL_Driver/Src/stm32f1xx_hal_pwr.c 0x00000000   Number         0  stm32f1xx_hal_pwr.o ABSOLUTE
    ../Drivers/STM32F1xx_HAL_Driver/Src/stm32f1xx_hal_rcc.c 0x00000000   Number         0  stm32f1xx_hal_rcc.o ABSOLUTE
    ../Drivers/STM32F1xx_HAL_Driver/Src/stm32f1xx_hal_rcc_ex.c 0x00000000   Number         0  stm32f1xx_hal_rcc_ex.o ABSOLUTE
    ../Drivers/STM32F1xx_HAL_Driver/Src/stm32f1xx_hal_tim.c 0x00000000   Number         0  stm32f1xx_hal_tim.o ABSOLUTE
    ../Drivers/STM32F1xx_HAL_Driver/Src/stm32f1xx_hal_tim_ex.c 0x00000000   Number         0  stm32f1xx_hal_tim_ex.o ABSOLUTE
    ../Drivers/STM32F1xx_HAL_Driver/Src/stm32f1xx_hal_uart.c 0x00000000   Number         0  stm32f1xx_hal_uart.o ABSOLUTE
    ../Src/main.c                            0x00000000   Number         0  main.o ABSOLUTE
    ../Src/stm32f1xx_hal_msp.c               0x00000000   Number         0  stm32f1xx_hal_msp.o ABSOLUTE
    ../Src/stm32f1xx_it.c                    0x00000000   Number         0  stm32f1xx_it.o ABSOLUTE
    ../clib/microlib/ctype/ctype.c           0x00000000   Number         0  ctype_o.o ABSOLUTE
    ../clib/microlib/ctype/ctype.c           0x00000000   Number         0  isalnum_o.o ABSOLUTE
    ../clib/microlib/ctype/ctype.c           0x00000000   Number         0  isalpha_o.o ABSOLUTE
    ../clib/microlib/ctype/ctype.c           0x00000000   Number         0  isblank_o.o ABSOLUTE
    ../clib/microlib/ctype/ctype.c           0x00000000   Number         0  iscntrl_o.o ABSOLUTE
    ../clib/microlib/ctype/ctype.c           0x00000000   Number         0  isdigit_o.o ABSOLUTE
    ../clib/microlib/ctype/ctype.c           0x00000000   Number         0  islower_o.o ABSOLUTE
    ../clib/microlib/ctype/ctype.c           0x00000000   Number         0  isprint_o.o ABSOLUTE
    ../clib/microlib/ctype/ctype.c           0x00000000   Number         0  isspace_o.o ABSOLUTE
    ../clib/microlib/ctype/ctype.c           0x00000000   Number         0  ispunct_o.o ABSOLUTE
    ../clib/microlib/ctype/ctype.c           0x00000000   Number         0  isupper_o.o ABSOLUTE
    ../clib/microlib/ctype/ctype.c           0x00000000   Number         0  isxdigit_o.o ABSOLUTE
    ../clib/microlib/ctype/ctype.c           0x00000000   Number         0  isgraph_o.o ABSOLUTE
    ../clib/microlib/division.c              0x00000000   Number         0  uidiv.o ABSOLUTE
    ../clib/microlib/division.c              0x00000000   Number         0  uldiv.o ABSOLUTE
    ../clib/microlib/errno.c                 0x00000000   Number         0  errno.o ABSOLUTE
    ../clib/microlib/init/entry.s            0x00000000   Number         0  entry2.o ABSOLUTE
    ../clib/microlib/init/entry.s            0x00000000   Number         0  entry11b.o ABSOLUTE
    ../clib/microlib/init/entry.s            0x00000000   Number         0  entry8a.o ABSOLUTE
    ../clib/microlib/init/entry.s            0x00000000   Number         0  entry7b.o ABSOLUTE
    ../clib/microlib/init/entry.s            0x00000000   Number         0  entry.o ABSOLUTE
    ../clib/microlib/init/entry.s            0x00000000   Number         0  entry8b.o ABSOLUTE
    ../clib/microlib/init/entry.s            0x00000000   Number         0  entry7a.o ABSOLUTE
    ../clib/microlib/init/entry.s            0x00000000   Number         0  entry5.o ABSOLUTE
    ../clib/microlib/init/entry.s            0x00000000   Number         0  entry9a.o ABSOLUTE
    ../clib/microlib/init/entry.s            0x00000000   Number         0  entry9b.o ABSOLUTE
    ../clib/microlib/init/entry.s            0x00000000   Number         0  entry10a.o ABSOLUTE
    ../clib/microlib/init/entry.s            0x00000000   Number         0  entry10b.o ABSOLUTE
    ../clib/microlib/init/entry.s            0x00000000   Number         0  entry11a.o ABSOLUTE
    ../clib/microlib/longlong.c              0x00000000   Number         0  llsshr.o ABSOLUTE
    ../clib/microlib/longlong.c              0x00000000   Number         0  llushr.o ABSOLUTE
    ../clib/microlib/longlong.c              0x00000000   Number         0  llshl.o ABSOLUTE
    ../clib/microlib/printf/printf.c         0x00000000   Number         0  printf8.o ABSOLUTE
    ../clib/microlib/printf/printf.c         0x00000000   Number         0  printf7.o ABSOLUTE
    ../clib/microlib/printf/printf.c         0x00000000   Number         0  printf6.o ABSOLUTE
    ../clib/microlib/printf/printf.c         0x00000000   Number         0  printf5.o ABSOLUTE
    ../clib/microlib/printf/printf.c         0x00000000   Number         0  printf4.o ABSOLUTE
    ../clib/microlib/printf/printf.c         0x00000000   Number         0  printf3.o ABSOLUTE
    ../clib/microlib/printf/printf.c         0x00000000   Number         0  printf2.o ABSOLUTE
    ../clib/microlib/printf/printf.c         0x00000000   Number         0  printf1.o ABSOLUTE
    ../clib/microlib/printf/printf.c         0x00000000   Number         0  printf0.o ABSOLUTE
    ../clib/microlib/printf/printf.c         0x00000000   Number         0  printfb.o ABSOLUTE
    ../clib/microlib/printf/printf.c         0x00000000   Number         0  printfa.o ABSOLUTE
    ../clib/microlib/printf/stubs.s          0x00000000   Number         0  stubs.o ABSOLUTE
    ../clib/microlib/stdio/fputc.c           0x00000000   Number         0  fputc.o ABSOLUTE
    ../clib/microlib/stdio/semi.s            0x00000000   Number         0  semi.o ABSOLUTE
    ../clib/microlib/stdio/streams.c         0x00000000   Number         0  stdout.o ABSOLUTE
    ../clib/microlib/string/memcpy.c         0x00000000   Number         0  memcpyb.o ABSOLUTE
    ../clib/microlib/string/memcpy.c         0x00000000   Number         0  memcpya.o ABSOLUTE
    ../clib/microlib/string/memset.c         0x00000000   Number         0  memseta.o ABSOLUTE
    ../clib/microlib/string/strcpy.c         0x00000000   Number         0  strcpy.o ABSOLUTE
    ../clib/microlib/string/strlen.c         0x00000000   Number         0  strlen.o ABSOLUTE
    ../clib/microlib/string/strncmp.c        0x00000000   Number         0  strncmp.o ABSOLUTE
    ../clib/microlib/string/strstr.c         0x00000000   Number         0  strstr.o ABSOLUTE
    ../clib/microlib/stubs.s                 0x00000000   Number         0  iusesemip.o ABSOLUTE
    ../clib/microlib/stubs.s                 0x00000000   Number         0  iusefp.o ABSOLUTE
    ../clib/scanf.c                          0x00000000   Number         0  atol.o ABSOLUTE
    ../clib/scanf.c                          0x00000000   Number         0  _strtoul.o ABSOLUTE
    ../clib/scanf.c                          0x00000000   Number         0  atoi.o ABSOLUTE
    ../clib/scanf.c                          0x00000000   Number         0  strtol.o ABSOLUTE
    ../clib/scanf.c                          0x00000000   Number         0  _chval.o ABSOLUTE
    ../fplib/microlib/fpadd.c                0x00000000   Number         0  dadd.o ABSOLUTE
    ../fplib/microlib/fpdiv.c                0x00000000   Number         0  ddiv.o ABSOLUTE
    ../fplib/microlib/fpepilogue.c           0x00000000   Number         0  depilogue.o ABSOLUTE
    ../fplib/microlib/fpfix.c                0x00000000   Number         0  dfixul.o ABSOLUTE
    ../fplib/microlib/fpmul.c                0x00000000   Number         0  dmul.o ABSOLUTE
    ..\Drivers\STM32F1xx_HAL_Driver\Src\stm32f1xx_hal.c 0x00000000   Number         0  stm32f1xx_hal.o ABSOLUTE
    ..\Drivers\STM32F1xx_HAL_Driver\Src\stm32f1xx_hal_cortex.c 0x00000000   Number         0  stm32f1xx_hal_cortex.o ABSOLUTE
    ..\Drivers\STM32F1xx_HAL_Driver\Src\stm32f1xx_hal_dma.c 0x00000000   Number         0  stm32f1xx_hal_dma.o ABSOLUTE
    ..\Drivers\STM32F1xx_HAL_Driver\Src\stm32f1xx_hal_flash.c 0x00000000   Number         0  stm32f1xx_hal_flash.o ABSOLUTE
    ..\Drivers\STM32F1xx_HAL_Driver\Src\stm32f1xx_hal_flash_ex.c 0x00000000   Number         0  stm32f1xx_hal_flash_ex.o ABSOLUTE
    ..\Drivers\STM32F1xx_HAL_Driver\Src\stm32f1xx_hal_gpio.c 0x00000000   Number         0  stm32f1xx_hal_gpio.o ABSOLUTE
    ..\Drivers\STM32F1xx_HAL_Driver\Src\stm32f1xx_hal_gpio_ex.c 0x00000000   Number         0  stm32f1xx_hal_gpio_ex.o ABSOLUTE
    ..\Drivers\STM32F1xx_HAL_Driver\Src\stm32f1xx_hal_i2c.c 0x00000000   Number         0  stm32f1xx_hal_i2c.o ABSOLUTE
    ..\Drivers\STM32F1xx_HAL_Driver\Src\stm32f1xx_hal_pwr.c 0x00000000   Number         0  stm32f1xx_hal_pwr.o ABSOLUTE
    ..\Drivers\STM32F1xx_HAL_Driver\Src\stm32f1xx_hal_rcc.c 0x00000000   Number         0  stm32f1xx_hal_rcc.o ABSOLUTE
    ..\Drivers\STM32F1xx_HAL_Driver\Src\stm32f1xx_hal_rcc_ex.c 0x00000000   Number         0  stm32f1xx_hal_rcc_ex.o ABSOLUTE
    ..\Drivers\STM32F1xx_HAL_Driver\Src\stm32f1xx_hal_tim.c 0x00000000   Number         0  stm32f1xx_hal_tim.o ABSOLUTE
    ..\Drivers\STM32F1xx_HAL_Driver\Src\stm32f1xx_hal_tim_ex.c 0x00000000   Number         0  stm32f1xx_hal_tim_ex.o ABSOLUTE
    ..\Drivers\STM32F1xx_HAL_Driver\Src\stm32f1xx_hal_uart.c 0x00000000   Number         0  stm32f1xx_hal_uart.o ABSOLUTE
    ..\Src\OLED.c                            0x00000000   Number         0  oled.o ABSOLUTE
    ..\Src\flash-ops.c                       0x00000000   Number         0  flash-ops.o ABSOLUTE
    ..\Src\keyboard.c                        0x00000000   Number         0  keyboard.o ABSOLUTE
    ..\Src\main.c                            0x00000000   Number         0  main.o ABSOLUTE
    ..\Src\serial-ops.c                      0x00000000   Number         0  serial-ops.o ABSOLUTE
    ..\Src\stm32f1xx_hal_msp.c               0x00000000   Number         0  stm32f1xx_hal_msp.o ABSOLUTE
    ..\Src\stm32f1xx_it.c                    0x00000000   Number         0  stm32f1xx_it.o ABSOLUTE
    ..\Src\wifi-ops.c                        0x00000000   Number         0  wifi-ops.o ABSOLUTE
    ..\\Src\\OLED.c                          0x00000000   Number         0  oled.o ABSOLUTE
    ..\\Src\\flash-ops.c                     0x00000000   Number         0  flash-ops.o ABSOLUTE
    ..\\Src\\keyboard.c                      0x00000000   Number         0  keyboard.o ABSOLUTE
    ..\\Src\\serial-ops.c                    0x00000000   Number         0  serial-ops.o ABSOLUTE
    ..\\Src\\wifi-ops.c                      0x00000000   Number         0  wifi-ops.o ABSOLUTE
    ..\\Src\system_stm32f1xx.c               0x00000000   Number         0  system_stm32f1xx.o ABSOLUTE
    cdrcmple.s                               0x00000000   Number         0  cdrcmple.o ABSOLUTE
    dc.s                                     0x00000000   Number         0  dc.o ABSOLUTE
    handlers.s                               0x00000000   Number         0  handlers.o ABSOLUTE
    init.s                                   0x00000000   Number         0  init.o ABSOLUTE
    startup_stm32f103xe.s                    0x00000000   Number         0  startup_stm32f103xe.o ABSOLUTE
    RESET                                    0x08000000   Section      304  startup_stm32f103xe.o(RESET)
    .ARM.Collect$$$$00000000                 0x08000130   Section        0  entry.o(.ARM.Collect$$$$00000000)
    .ARM.Collect$$$$00000001                 0x08000130   Section        4  entry2.o(.ARM.Collect$$$$00000001)
    .ARM.Collect$$$$00000004                 0x08000134   Section        4  entry5.o(.ARM.Collect$$$$00000004)
    .ARM.Collect$$$$00000008                 0x08000138   Section        0  entry7b.o(.ARM.Collect$$$$00000008)
    .ARM.Collect$$$$0000000A                 0x08000138   Section        0  entry8b.o(.ARM.Collect$$$$0000000A)
    .ARM.Collect$$$$0000000B                 0x08000138   Section        8  entry9a.o(.ARM.Collect$$$$0000000B)
    .ARM.Collect$$$$0000000D                 0x08000140   Section        0  entry10a.o(.ARM.Collect$$$$0000000D)
    .ARM.Collect$$$$0000000F                 0x08000140   Section        0  entry11a.o(.ARM.Collect$$$$0000000F)
    .ARM.Collect$$$$00002712                 0x08000140   Section        4  entry2.o(.ARM.Collect$$$$00002712)
    __lit__00000000                          0x08000140   Data           4  entry2.o(.ARM.Collect$$$$00002712)
    .text                                    0x08000144   Section       36  startup_stm32f103xe.o(.text)
    .text                                    0x08000168   Section        0  llushr.o(.text)
    .text                                    0x08000188   Section        0  memcpya.o(.text)
    .text                                    0x080001ac   Section        0  memseta.o(.text)
    .text                                    0x080001d0   Section        0  strstr.o(.text)
    .text                                    0x080001f4   Section        0  strlen.o(.text)
    .text                                    0x08000202   Section        0  strcpy.o(.text)
    .text                                    0x08000214   Section        0  strncmp.o(.text)
    .text                                    0x08000232   Section        0  atoi.o(.text)
    .text                                    0x0800024c   Section        0  atol.o(.text)
    .text                                    0x08000266   Section        0  uidiv.o(.text)
    .text                                    0x08000292   Section        0  strtol.o(.text)
    .text                                    0x08000304   Section       36  init.o(.text)
    .text                                    0x08000328   Section        0  ctype_o.o(.text)
    .text                                    0x08000330   Section        0  _strtoul.o(.text)
    .text                                    0x080003ce   Section        0  _chval.o(.text)
    i.AT_RECV_SET_OK                         0x080003ec   Section        0  serial-ops.o(i.AT_RECV_SET_OK)
    i.BusFault_Handler                       0x080003f8   Section        0  stm32f1xx_it.o(i.BusFault_Handler)
    i.DMA1_Channel3_IRQHandler               0x080003fc   Section        0  stm32f1xx_it.o(i.DMA1_Channel3_IRQHandler)
    i.DMA_SetConfig                          0x08000408   Section        0  stm32f1xx_hal_dma.o(i.DMA_SetConfig)
    DMA_SetConfig                            0x08000409   Thumb Code    42  stm32f1xx_hal_dma.o(i.DMA_SetConfig)
    i.DebugMon_Handler                       0x08000432   Section        0  stm32f1xx_it.o(i.DebugMon_Handler)
    i.EXTI4_IRQHandler                       0x08000434   Section        0  stm32f1xx_it.o(i.EXTI4_IRQHandler)
    i.EXTI9_5_IRQHandler                     0x0800043a   Section        0  stm32f1xx_it.o(i.EXTI9_5_IRQHandler)
    i.FLASH_MassErase                        0x08000454   Section        0  stm32f1xx_hal_flash_ex.o(i.FLASH_MassErase)
    FLASH_MassErase                          0x08000455   Thumb Code    26  stm32f1xx_hal_flash_ex.o(i.FLASH_MassErase)
    i.FLASH_PageErase                        0x08000478   Section        0  stm32f1xx_hal_flash_ex.o(i.FLASH_PageErase)
    i.FLASH_Program_HalfWord                 0x0800049c   Section        0  stm32f1xx_hal_flash.o(i.FLASH_Program_HalfWord)
    FLASH_Program_HalfWord                   0x0800049d   Thumb Code    20  stm32f1xx_hal_flash.o(i.FLASH_Program_HalfWord)
    i.FLASH_SetErrorCode                     0x080004b8   Section        0  stm32f1xx_hal_flash.o(i.FLASH_SetErrorCode)
    FLASH_SetErrorCode                       0x080004b9   Thumb Code    84  stm32f1xx_hal_flash.o(i.FLASH_SetErrorCode)
    i.FLASH_WaitForLastOperation             0x08000514   Section        0  stm32f1xx_hal_flash.o(i.FLASH_WaitForLastOperation)
    i.Get_Key                                0x08000568   Section        0  keyboard.o(i.Get_Key)
    Get_Key                                  0x08000569   Thumb Code   138  keyboard.o(i.Get_Key)
    i.Get_KeyNum                             0x080005f4   Section        0  keyboard.o(i.Get_KeyNum)
    i.HAL_DMA_Abort                          0x0800068c   Section        0  stm32f1xx_hal_dma.o(i.HAL_DMA_Abort)
    i.HAL_DMA_Abort_IT                       0x080006bc   Section        0  stm32f1xx_hal_dma.o(i.HAL_DMA_Abort_IT)
    i.HAL_DMA_IRQHandler                     0x080007ec   Section        0  stm32f1xx_hal_dma.o(i.HAL_DMA_IRQHandler)
    i.HAL_DMA_Init                           0x08000a34   Section        0  stm32f1xx_hal_dma.o(i.HAL_DMA_Init)
    i.HAL_DMA_Start_IT                       0x08000ab8   Section        0  stm32f1xx_hal_dma.o(i.HAL_DMA_Start_IT)
    i.HAL_Delay                              0x08000b28   Section        0  stm32f1xx_hal.o(i.HAL_Delay)
    i.HAL_FLASHEx_Erase                      0x08000b44   Section        0  stm32f1xx_hal_flash_ex.o(i.HAL_FLASHEx_Erase)
    i.HAL_FLASH_Lock                         0x08000bec   Section        0  stm32f1xx_hal_flash.o(i.HAL_FLASH_Lock)
    i.HAL_FLASH_Program                      0x08000c00   Section        0  stm32f1xx_hal_flash.o(i.HAL_FLASH_Program)
    i.HAL_FLASH_Unlock                       0x08000c80   Section        0  stm32f1xx_hal_flash.o(i.HAL_FLASH_Unlock)
    i.HAL_GPIO_EXTI_Callback                 0x08000ca4   Section        0  main.o(i.HAL_GPIO_EXTI_Callback)
    i.HAL_GPIO_EXTI_IRQHandler               0x08000df8   Section        0  stm32f1xx_hal_gpio.o(i.HAL_GPIO_EXTI_IRQHandler)
    i.HAL_GPIO_Init                          0x08000e10   Section        0  stm32f1xx_hal_gpio.o(i.HAL_GPIO_Init)
    i.HAL_GPIO_ReadPin                       0x08000ff8   Section        0  stm32f1xx_hal_gpio.o(i.HAL_GPIO_ReadPin)
    i.HAL_GPIO_WritePin                      0x08001002   Section        0  stm32f1xx_hal_gpio.o(i.HAL_GPIO_WritePin)
    i.HAL_GetTick                            0x0800100c   Section        0  stm32f1xx_hal.o(i.HAL_GetTick)
    i.HAL_I2C_Init                           0x08001018   Section        0  stm32f1xx_hal_i2c.o(i.HAL_I2C_Init)
    i.HAL_I2C_Master_Transmit                0x08001120   Section        0  stm32f1xx_hal_i2c.o(i.HAL_I2C_Master_Transmit)
    i.HAL_I2C_MspInit                        0x08001258   Section        0  stm32f1xx_hal_msp.o(i.HAL_I2C_MspInit)
    i.HAL_IncTick                            0x0800129c   Section        0  stm32f1xx_hal.o(i.HAL_IncTick)
    i.HAL_Init                               0x080012ac   Section        0  stm32f1xx_hal.o(i.HAL_Init)
    i.HAL_InitTick                           0x080012d0   Section        0  stm32f1xx_hal.o(i.HAL_InitTick)
    i.HAL_MspInit                            0x080012f8   Section        0  stm32f1xx_hal_msp.o(i.HAL_MspInit)
    i.HAL_NVIC_EnableIRQ                     0x0800138c   Section        0  stm32f1xx_hal_cortex.o(i.HAL_NVIC_EnableIRQ)
    i.HAL_NVIC_SetPriority                   0x080013a4   Section        0  stm32f1xx_hal_cortex.o(i.HAL_NVIC_SetPriority)
    i.HAL_NVIC_SetPriorityGrouping           0x080013e4   Section        0  stm32f1xx_hal_cortex.o(i.HAL_NVIC_SetPriorityGrouping)
    i.HAL_RCC_ClockConfig                    0x08001408   Section        0  stm32f1xx_hal_rcc.o(i.HAL_RCC_ClockConfig)
    i.HAL_RCC_GetHCLKFreq                    0x0800155c   Section        0  stm32f1xx_hal_rcc.o(i.HAL_RCC_GetHCLKFreq)
    i.HAL_RCC_GetPCLK1Freq                   0x08001568   Section        0  stm32f1xx_hal_rcc.o(i.HAL_RCC_GetPCLK1Freq)
    i.HAL_RCC_GetPCLK2Freq                   0x08001588   Section        0  stm32f1xx_hal_rcc.o(i.HAL_RCC_GetPCLK2Freq)
    i.HAL_RCC_GetSysClockFreq                0x080015a8   Section        0  stm32f1xx_hal_rcc.o(i.HAL_RCC_GetSysClockFreq)
    i.HAL_RCC_OscConfig                      0x08001614   Section        0  stm32f1xx_hal_rcc.o(i.HAL_RCC_OscConfig)
    i.HAL_SYSTICK_CLKSourceConfig            0x08001918   Section        0  stm32f1xx_hal_cortex.o(i.HAL_SYSTICK_CLKSourceConfig)
    i.HAL_SYSTICK_Callback                   0x08001930   Section        0  stm32f1xx_hal_cortex.o(i.HAL_SYSTICK_Callback)
    i.HAL_SYSTICK_Config                     0x08001932   Section        0  stm32f1xx_hal_cortex.o(i.HAL_SYSTICK_Config)
    i.HAL_SYSTICK_IRQHandler                 0x0800195a   Section        0  stm32f1xx_hal_cortex.o(i.HAL_SYSTICK_IRQHandler)
    i.HAL_UART_DMAStop                       0x08001962   Section        0  stm32f1xx_hal_uart.o(i.HAL_UART_DMAStop)
    i.HAL_UART_ErrorCallback                 0x080019ba   Section        0  stm32f1xx_hal_uart.o(i.HAL_UART_ErrorCallback)
    i.HAL_UART_IRQHandler                    0x080019bc   Section        0  stm32f1xx_hal_uart.o(i.HAL_UART_IRQHandler)
    i.HAL_UART_Init                          0x08001acc   Section        0  stm32f1xx_hal_uart.o(i.HAL_UART_Init)
    i.HAL_UART_MspInit                       0x08001b30   Section        0  stm32f1xx_hal_msp.o(i.HAL_UART_MspInit)
    i.HAL_UART_Receive_DMA                   0x08001c2c   Section        0  stm32f1xx_hal_uart.o(i.HAL_UART_Receive_DMA)
    i.HAL_UART_RxCpltCallback                0x08001cc4   Section        0  stm32f1xx_hal_uart.o(i.HAL_UART_RxCpltCallback)
    i.HAL_UART_RxHalfCpltCallback            0x08001cc6   Section        0  stm32f1xx_hal_uart.o(i.HAL_UART_RxHalfCpltCallback)
    i.HAL_UART_Transmit                      0x08001cc8   Section        0  stm32f1xx_hal_uart.o(i.HAL_UART_Transmit)
    i.HAL_UART_Transmit_IT                   0x08001d82   Section        0  stm32f1xx_hal_uart.o(i.HAL_UART_Transmit_IT)
    i.HAL_UART_TxCpltCallback                0x08001dc0   Section        0  stm32f1xx_hal_uart.o(i.HAL_UART_TxCpltCallback)
    i.HardFault_Handler                      0x08001dc2   Section        0  stm32f1xx_it.o(i.HardFault_Handler)
    i.I2C_IsAcknowledgeFailed                0x08001dc4   Section        0  stm32f1xx_hal_i2c.o(i.I2C_IsAcknowledgeFailed)
    I2C_IsAcknowledgeFailed                  0x08001dc5   Thumb Code    40  stm32f1xx_hal_i2c.o(i.I2C_IsAcknowledgeFailed)
    i.I2C_MasterRequestWrite                 0x08001dec   Section        0  stm32f1xx_hal_i2c.o(i.I2C_MasterRequestWrite)
    I2C_MasterRequestWrite                   0x08001ded   Thumb Code   142  stm32f1xx_hal_i2c.o(i.I2C_MasterRequestWrite)
    i.I2C_WaitOnBTFFlagUntilTimeout          0x08001e80   Section        0  stm32f1xx_hal_i2c.o(i.I2C_WaitOnBTFFlagUntilTimeout)
    I2C_WaitOnBTFFlagUntilTimeout            0x08001e81   Thumb Code    78  stm32f1xx_hal_i2c.o(i.I2C_WaitOnBTFFlagUntilTimeout)
    i.I2C_WaitOnFlagUntilTimeout             0x08001ece   Section        0  stm32f1xx_hal_i2c.o(i.I2C_WaitOnFlagUntilTimeout)
    I2C_WaitOnFlagUntilTimeout               0x08001ecf   Thumb Code    96  stm32f1xx_hal_i2c.o(i.I2C_WaitOnFlagUntilTimeout)
    i.I2C_WaitOnMasterAddressFlagUntilTimeout 0x08001f30   Section        0  stm32f1xx_hal_i2c.o(i.I2C_WaitOnMasterAddressFlagUntilTimeout)
    I2C_WaitOnMasterAddressFlagUntilTimeout  0x08001f31   Thumb Code   136  stm32f1xx_hal_i2c.o(i.I2C_WaitOnMasterAddressFlagUntilTimeout)
    i.I2C_WaitOnTXEFlagUntilTimeout          0x08001fb8   Section        0  stm32f1xx_hal_i2c.o(i.I2C_WaitOnTXEFlagUntilTimeout)
    I2C_WaitOnTXEFlagUntilTimeout            0x08001fb9   Thumb Code    78  stm32f1xx_hal_i2c.o(i.I2C_WaitOnTXEFlagUntilTimeout)
    i.I2C_WriteByte                          0x08002008   Section        0  oled.o(i.I2C_WriteByte)
    i.Key_Bord_Init                          0x0800202c   Section        0  keyboard.o(i.Key_Bord_Init)
    i.Key_OutPut_Mode                        0x08002030   Section        0  keyboard.o(i.Key_OutPut_Mode)
    Key_OutPut_Mode                          0x08002031   Thumb Code    94  keyboard.o(i.Key_OutPut_Mode)
    i.MX_GPIO_Init                           0x08002098   Section        0  main.o(i.MX_GPIO_Init)
    MX_GPIO_Init                             0x08002099   Thumb Code   236  main.o(i.MX_GPIO_Init)
    i.MX_I2C1_Init                           0x08002198   Section        0  main.o(i.MX_I2C1_Init)
    MX_I2C1_Init                             0x08002199   Thumb Code    44  main.o(i.MX_I2C1_Init)
    i.MemManage_Handler                      0x080021d0   Section        0  stm32f1xx_it.o(i.MemManage_Handler)
    i.NMI_Handler                            0x080021d2   Section        0  stm32f1xx_it.o(i.NMI_Handler)
    i.NVIC_SetPriority                       0x080021d4   Section        0  stm32f1xx_hal_cortex.o(i.NVIC_SetPriority)
    NVIC_SetPriority                         0x080021d5   Thumb Code    32  stm32f1xx_hal_cortex.o(i.NVIC_SetPriority)
    i.OLED_CLS                               0x080021f4   Section        0  oled.o(i.OLED_CLS)
    i.OLED_CLS_FLASH                         0x08002204   Section        0  oled.o(i.OLED_CLS_FLASH)
    i.OLED_DrawBMP_p                         0x0800222c   Section        0  oled.o(i.OLED_DrawBMP_p)
    i.OLED_Init                              0x0800228c   Section        0  oled.o(i.OLED_Init)
    i.OLED_SET_POINT                         0x08002340   Section        0  oled.o(i.OLED_SET_POINT)
    i.OLED_ShowStr                           0x08002370   Section        0  oled.o(i.OLED_ShowStr)
    i.PendSV_Handler                         0x080023f4   Section        0  stm32f1xx_it.o(i.PendSV_Handler)
    i.SVC_Handler                            0x080023f6   Section        0  stm32f1xx_it.o(i.SVC_Handler)
    i.SysTick_Handler                        0x080023f8   Section        0  stm32f1xx_it.o(i.SysTick_Handler)
    i.SystemClock_Config                     0x08002406   Section        0  main.o(i.SystemClock_Config)
    i.SystemInit                             0x0800246c   Section        0  system_stm32f1xx.o(i.SystemInit)
    i.UART_DMAAbortOnError                   0x080024b4   Section        0  stm32f1xx_hal_uart.o(i.UART_DMAAbortOnError)
    UART_DMAAbortOnError                     0x080024b5   Thumb Code    16  stm32f1xx_hal_uart.o(i.UART_DMAAbortOnError)
    i.UART_DMAError                          0x080024c4   Section        0  stm32f1xx_hal_uart.o(i.UART_DMAError)
    UART_DMAError                            0x080024c5   Thumb Code    74  stm32f1xx_hal_uart.o(i.UART_DMAError)
    i.UART_DMAReceiveCplt                    0x0800250e   Section        0  stm32f1xx_hal_uart.o(i.UART_DMAReceiveCplt)
    UART_DMAReceiveCplt                      0x0800250f   Thumb Code    60  stm32f1xx_hal_uart.o(i.UART_DMAReceiveCplt)
    i.UART_DMARxHalfCplt                     0x0800254a   Section        0  stm32f1xx_hal_uart.o(i.UART_DMARxHalfCplt)
    UART_DMARxHalfCplt                       0x0800254b   Thumb Code    10  stm32f1xx_hal_uart.o(i.UART_DMARxHalfCplt)
    i.UART_EndRxTransfer                     0x08002554   Section        0  stm32f1xx_hal_uart.o(i.UART_EndRxTransfer)
    UART_EndRxTransfer                       0x08002555   Thumb Code    28  stm32f1xx_hal_uart.o(i.UART_EndRxTransfer)
    i.UART_EndTxTransfer                     0x08002570   Section        0  stm32f1xx_hal_uart.o(i.UART_EndTxTransfer)
    UART_EndTxTransfer                       0x08002571   Thumb Code    18  stm32f1xx_hal_uart.o(i.UART_EndTxTransfer)
    i.UART_Receive_IT                        0x08002582   Section        0  stm32f1xx_hal_uart.o(i.UART_Receive_IT)
    UART_Receive_IT                          0x08002583   Thumb Code   150  stm32f1xx_hal_uart.o(i.UART_Receive_IT)
    i.UART_SetConfig                         0x08002618   Section        0  stm32f1xx_hal_uart.o(i.UART_SetConfig)
    UART_SetConfig                           0x08002619   Thumb Code   364  stm32f1xx_hal_uart.o(i.UART_SetConfig)
    i.UART_Transmit_IT                       0x08002788   Section        0  stm32f1xx_hal_uart.o(i.UART_Transmit_IT)
    UART_Transmit_IT                         0x08002789   Thumb Code    98  stm32f1xx_hal_uart.o(i.UART_Transmit_IT)
    i.UART_WaitOnFlagUntilTimeout            0x080027ea   Section        0  stm32f1xx_hal_uart.o(i.UART_WaitOnFlagUntilTimeout)
    UART_WaitOnFlagUntilTimeout              0x080027eb   Thumb Code   100  stm32f1xx_hal_uart.o(i.UART_WaitOnFlagUntilTimeout)
    i.USART3_IRQHandler                      0x08002850   Section        0  stm32f1xx_it.o(i.USART3_IRQHandler)
    i.UsageFault_Handler                     0x080028a0   Section        0  stm32f1xx_it.o(i.UsageFault_Handler)
    i.WriteCmd                               0x080028a2   Section        0  oled.o(i.WriteCmd)
    i.WriteDat                               0x080028aa   Section        0  oled.o(i.WriteDat)
    i._Error_Handler                         0x080028b2   Section        0  main.o(i._Error_Handler)
    i.__0snprintf$6                          0x080028b4   Section        0  printf6.o(i.__0snprintf$6)
    i.__0sprintf$6                           0x080028e4   Section        0  printf6.o(i.__0sprintf$6)
    i.__aeabi_errno_addr                     0x0800290c   Section        0  errno.o(i.__aeabi_errno_addr)
    i.__scatterload_copy                     0x08002914   Section       14  handlers.o(i.__scatterload_copy)
    i.__scatterload_null                     0x08002922   Section        2  handlers.o(i.__scatterload_null)
    i.__scatterload_zeroinit                 0x08002924   Section       14  handlers.o(i.__scatterload_zeroinit)
    i._printf_core                           0x08002934   Section        0  printf6.o(i._printf_core)
    _printf_core                             0x08002935   Thumb Code   748  printf6.o(i._printf_core)
    i._printf_post_padding                   0x08002c24   Section        0  printf6.o(i._printf_post_padding)
    _printf_post_padding                     0x08002c25   Thumb Code    36  printf6.o(i._printf_post_padding)
    i._printf_pre_padding                    0x08002c48   Section        0  printf6.o(i._printf_pre_padding)
    _printf_pre_padding                      0x08002c49   Thumb Code    46  printf6.o(i._printf_pre_padding)
    i._snputc                                0x08002c76   Section        0  printf6.o(i._snputc)
    _snputc                                  0x08002c77   Thumb Code    22  printf6.o(i._snputc)
    i._sputc                                 0x08002c8c   Section        0  printf6.o(i._sputc)
    _sputc                                   0x08002c8d   Thumb Code    10  printf6.o(i._sputc)
    i.ap_mode                                0x08002c98   Section        0  main.o(i.ap_mode)
    i.ap_mode_data                           0x08002dc8   Section        0  main.o(i.ap_mode_data)
    i.at_get_recvbuf                         0x08002fcc   Section        0  serial-ops.o(i.at_get_recvbuf)
    i.at_send_than_recv_match_timeout        0x08002fd4   Section        0  serial-ops.o(i.at_send_than_recv_match_timeout)
    i.fflash                                 0x08003088   Section        0  oled.o(i.fflash)
    i.flash_ops_read                         0x080030cc   Section        0  flash-ops.o(i.flash_ops_read)
    i.flash_ops_write                        0x080030e0   Section        0  flash-ops.o(i.flash_ops_write)
    i.key_out_and_EXTI_mode                  0x0800314c   Section        0  keyboard.o(i.key_out_and_EXTI_mode)
    key_out_and_EXTI_mode                    0x0800314d   Thumb Code    94  keyboard.o(i.key_out_and_EXTI_mode)
    i.main                                   0x080031b8   Section        0  main.o(i.main)
    i.main_menu_flash                        0x0800335c   Section        0  main.o(i.main_menu_flash)
    i.password_flash                         0x08003418   Section        0  main.o(i.password_flash)
    i.station_mode                           0x08003450   Section        0  main.o(i.station_mode)
    i.station_mode_data                      0x0800387c   Section        0  main.o(i.station_mode_data)
    i.time                                   0x080039f4   Section        0  main.o(i.time)
    i.tips_flash                             0x08003a1c   Section        0  main.o(i.tips_flash)
    i.wifi_ap_init                           0x08003acc   Section        0  wifi-ops.o(i.wifi_ap_init)
    i.wifi_ap_listen                         0x08003b7c   Section        0  wifi-ops.o(i.wifi_ap_listen)
    i.wifi_ap_send_data                      0x08003bdc   Section        0  wifi-ops.o(i.wifi_ap_send_data)
    i.wifi_ap_set_args                       0x08003c6c   Section        0  wifi-ops.o(i.wifi_ap_set_args)
    i.wifi_ap_wait_recvdata_timeout          0x08003d04   Section        0  wifi-ops.o(i.wifi_ap_wait_recvdata_timeout)
    i.wifi_ap_waitfor_connect                0x08003d74   Section        0  wifi-ops.o(i.wifi_ap_waitfor_connect)
    i.wifi_listen_and_wait_connect_timeout   0x08003dac   Section        0  wifi-ops.o(i.wifi_listen_and_wait_connect_timeout)
    i.wifi_station_connect                   0x08003dc8   Section        0  wifi-ops.o(i.wifi_station_connect)
    i.wifi_station_disconnect                0x08003e88   Section        0  wifi-ops.o(i.wifi_station_disconnect)
    i.wifi_station_exit_ap                   0x08003edc   Section        0  wifi-ops.o(i.wifi_station_exit_ap)
    i.wifi_station_init                      0x08003f28   Section        0  wifi-ops.o(i.wifi_station_init)
    i.wifi_station_join_ap                   0x08004018   Section        0  wifi-ops.o(i.wifi_station_join_ap)
    i.wifi_station_send_recv_data_timeout    0x08004094   Section        0  wifi-ops.o(i.wifi_station_send_recv_data_timeout)
    .constdata                               0x08004150   Section     2072  oled.o(.constdata)
    .constdata                               0x08004968   Section       16  system_stm32f1xx.o(.constdata)
    .constdata                               0x08004978   Section        8  system_stm32f1xx.o(.constdata)
    .constdata                               0x08004980   Section      129  ctype_o.o(.constdata)
    .constdata                               0x08004a04   Section        4  ctype_o.o(.constdata)
    table                                    0x08004a04   Data           4  ctype_o.o(.constdata)
    .data                                    0x20000000   Section        1  serial-ops.o(.data)
    .data                                    0x20000004   Section       52  main.o(.data)
    pre_ticks                                0x20000010   Data           4  main.o(.data)
    .data                                    0x20000038   Section        4  stm32f1xx_hal.o(.data)
    .data                                    0x2000003c   Section        4  system_stm32f1xx.o(.data)
    .data                                    0x20000040   Section        4  errno.o(.data)
    _errno                                   0x20000040   Data           4  errno.o(.data)
    .bss                                     0x20000044   Section       64  serial-ops.o(.bss)
    .bss                                     0x20000084   Section     1024  oled.o(.bss)
    .bss                                     0x20000484   Section      596  main.o(.bss)
    .bss                                     0x200006d8   Section       68  main.o(.bss)
    .bss                                     0x20000720   Section       32  stm32f1xx_hal_flash.o(.bss)
    STACK                                    0x20000740   Section     1024  startup_stm32f103xe.o(STACK)

    Global Symbols

    Symbol Name                              Value     Ov Type        Size  Object(Section)

    BuildAttributes$$THM_ISAv4$P$D$K$B$S$PE$A:L22UL41UL21$X:L11$S22US41US21$IEEE1$IW$USESV6$~STKCKD$USESV7$~SHL$OSPACE$ROPI$EBA8$MICROLIB$REQ8$PRES8$EABIv2 0x00000000   Number         0  anon$$obj.o ABSOLUTE
    __ARM_use_no_argv                        0x00000000   Number         0  main.o ABSOLUTE
    _printf_a                                0x00000000   Number         0  stubs.o ABSOLUTE
    _printf_c                                0x00000000   Number         0  stubs.o ABSOLUTE
    _printf_charcount                        0x00000000   Number         0  stubs.o ABSOLUTE
    _printf_d                                0x00000000   Number         0  stubs.o ABSOLUTE
    _printf_e                                0x00000000   Number         0  stubs.o ABSOLUTE
    _printf_f                                0x00000000   Number         0  stubs.o ABSOLUTE
    _printf_flags                            0x00000000   Number         0  stubs.o ABSOLUTE
    _printf_fp_dec                           0x00000000   Number         0  stubs.o ABSOLUTE
    _printf_fp_hex                           0x00000000   Number         0  stubs.o ABSOLUTE
    _printf_g                                0x00000000   Number         0  stubs.o ABSOLUTE
    _printf_i                                0x00000000   Number         0  stubs.o ABSOLUTE
    _printf_int_dec                          0x00000000   Number         0  stubs.o ABSOLUTE
    _printf_l                                0x00000000   Number         0  stubs.o ABSOLUTE
    _printf_lc                               0x00000000   Number         0  stubs.o ABSOLUTE
    _printf_ll                               0x00000000   Number         0  stubs.o ABSOLUTE
    _printf_lld                              0x00000000   Number         0  stubs.o ABSOLUTE
    _printf_lli                              0x00000000   Number         0  stubs.o ABSOLUTE
    _printf_llo                              0x00000000   Number         0  stubs.o ABSOLUTE
    _printf_llu                              0x00000000   Number         0  stubs.o ABSOLUTE
    _printf_llx                              0x00000000   Number         0  stubs.o ABSOLUTE
    _printf_longlong_dec                     0x00000000   Number         0  stubs.o ABSOLUTE
    _printf_longlong_hex                     0x00000000   Number         0  stubs.o ABSOLUTE
    _printf_longlong_oct                     0x00000000   Number         0  stubs.o ABSOLUTE
    _printf_ls                               0x00000000   Number         0  stubs.o ABSOLUTE
    _printf_mbtowc                           0x00000000   Number         0  stubs.o ABSOLUTE
    _printf_n                                0x00000000   Number         0  stubs.o ABSOLUTE
    _printf_o                                0x00000000   Number         0  stubs.o ABSOLUTE
    _printf_p                                0x00000000   Number         0  stubs.o ABSOLUTE
    _printf_percent                          0x00000000   Number         0  stubs.o ABSOLUTE
    _printf_pre_padding                      0x00000000   Number         0  stubs.o ABSOLUTE
    _printf_return_value                     0x00000000   Number         0  stubs.o ABSOLUTE
    _printf_s                                0x00000000   Number         0  stubs.o ABSOLUTE
    _printf_sizespec                         0x00000000   Number         0  stubs.o ABSOLUTE
    _printf_str                              0x00000000   Number         0  stubs.o ABSOLUTE
    _printf_truncate_signed                  0x00000000   Number         0  stubs.o ABSOLUTE
    _printf_truncate_unsigned                0x00000000   Number         0  stubs.o ABSOLUTE
    _printf_u                                0x00000000   Number         0  stubs.o ABSOLUTE
    _printf_wc                               0x00000000   Number         0  stubs.o ABSOLUTE
    _printf_wctomb                           0x00000000   Number         0  stubs.o ABSOLUTE
    _printf_widthprec                        0x00000000   Number         0  stubs.o ABSOLUTE
    _printf_x                                0x00000000   Number         0  stubs.o ABSOLUTE
    __cpp_initialize__aeabi_                  - Undefined Weak Reference
    __cxa_finalize                            - Undefined Weak Reference
    __decompress                              - Undefined Weak Reference
    _clock_init                               - Undefined Weak Reference
    _microlib_exit                            - Undefined Weak Reference
    __Vectors_Size                           0x00000130   Number         0  startup_stm32f103xe.o ABSOLUTE
    __Vectors                                0x08000000   Data           4  startup_stm32f103xe.o(RESET)
    __Vectors_End                            0x08000130   Data           0  startup_stm32f103xe.o(RESET)
    __main                                   0x08000131   Thumb Code     0  entry.o(.ARM.Collect$$$$00000000)
    _main_stk                                0x08000131   Thumb Code     0  entry2.o(.ARM.Collect$$$$00000001)
    _main_scatterload                        0x08000135   Thumb Code     0  entry5.o(.ARM.Collect$$$$00000004)
    __main_after_scatterload                 0x08000139   Thumb Code     0  entry5.o(.ARM.Collect$$$$00000004)
    _main_clock                              0x08000139   Thumb Code     0  entry7b.o(.ARM.Collect$$$$00000008)
    _main_cpp_init                           0x08000139   Thumb Code     0  entry8b.o(.ARM.Collect$$$$0000000A)
    _main_init                               0x08000139   Thumb Code     0  entry9a.o(.ARM.Collect$$$$0000000B)
    __rt_final_cpp                           0x08000141   Thumb Code     0  entry10a.o(.ARM.Collect$$$$0000000D)
    __rt_final_exit                          0x08000141   Thumb Code     0  entry11a.o(.ARM.Collect$$$$0000000F)
    Reset_Handler                            0x08000145   Thumb Code     8  startup_stm32f103xe.o(.text)
    ADC1_2_IRQHandler                        0x0800015f   Thumb Code     0  startup_stm32f103xe.o(.text)
    ADC3_IRQHandler                          0x0800015f   Thumb Code     0  startup_stm32f103xe.o(.text)
    CAN1_RX1_IRQHandler                      0x0800015f   Thumb Code     0  startup_stm32f103xe.o(.text)
    CAN1_SCE_IRQHandler                      0x0800015f   Thumb Code     0  startup_stm32f103xe.o(.text)
    DMA1_Channel1_IRQHandler                 0x0800015f   Thumb Code     0  startup_stm32f103xe.o(.text)
    DMA1_Channel2_IRQHandler                 0x0800015f   Thumb Code     0  startup_stm32f103xe.o(.text)
    DMA1_Channel4_IRQHandler                 0x0800015f   Thumb Code     0  startup_stm32f103xe.o(.text)
    DMA1_Channel5_IRQHandler                 0x0800015f   Thumb Code     0  startup_stm32f103xe.o(.text)
    DMA1_Channel6_IRQHandler                 0x0800015f   Thumb Code     0  startup_stm32f103xe.o(.text)
    DMA1_Channel7_IRQHandler                 0x0800015f   Thumb Code     0  startup_stm32f103xe.o(.text)
    DMA2_Channel1_IRQHandler                 0x0800015f   Thumb Code     0  startup_stm32f103xe.o(.text)
    DMA2_Channel2_IRQHandler                 0x0800015f   Thumb Code     0  startup_stm32f103xe.o(.text)
    DMA2_Channel3_IRQHandler                 0x0800015f   Thumb Code     0  startup_stm32f103xe.o(.text)
    DMA2_Channel4_5_IRQHandler               0x0800015f   Thumb Code     0  startup_stm32f103xe.o(.text)
    EXTI0_IRQHandler                         0x0800015f   Thumb Code     0  startup_stm32f103xe.o(.text)
    EXTI15_10_IRQHandler                     0x0800015f   Thumb Code     0  startup_stm32f103xe.o(.text)
    EXTI1_IRQHandler                         0x0800015f   Thumb Code     0  startup_stm32f103xe.o(.text)
    EXTI2_IRQHandler                         0x0800015f   Thumb Code     0  startup_stm32f103xe.o(.text)
    EXTI3_IRQHandler                         0x0800015f   Thumb Code     0  startup_stm32f103xe.o(.text)
    FLASH_IRQHandler                         0x0800015f   Thumb Code     0  startup_stm32f103xe.o(.text)
    FSMC_IRQHandler                          0x0800015f   Thumb Code     0  startup_stm32f103xe.o(.text)
    I2C1_ER_IRQHandler                       0x0800015f   Thumb Code     0  startup_stm32f103xe.o(.text)
    I2C1_EV_IRQHandler                       0x0800015f   Thumb Code     0  startup_stm32f103xe.o(.text)
    I2C2_ER_IRQHandler                       0x0800015f   Thumb Code     0  startup_stm32f103xe.o(.text)
    I2C2_EV_IRQHandler                       0x0800015f   Thumb Code     0  startup_stm32f103xe.o(.text)
    PVD_IRQHandler                           0x0800015f   Thumb Code     0  startup_stm32f103xe.o(.text)
    RCC_IRQHandler                           0x0800015f   Thumb Code     0  startup_stm32f103xe.o(.text)
    RTC_Alarm_IRQHandler                     0x0800015f   Thumb Code     0  startup_stm32f103xe.o(.text)
    RTC_IRQHandler                           0x0800015f   Thumb Code     0  startup_stm32f103xe.o(.text)
    SDIO_IRQHandler                          0x0800015f   Thumb Code     0  startup_stm32f103xe.o(.text)
    SPI1_IRQHandler                          0x0800015f   Thumb Code     0  startup_stm32f103xe.o(.text)
    SPI2_IRQHandler                          0x0800015f   Thumb Code     0  startup_stm32f103xe.o(.text)
    SPI3_IRQHandler                          0x0800015f   Thumb Code     0  startup_stm32f103xe.o(.text)
    TAMPER_IRQHandler                        0x0800015f   Thumb Code     0  startup_stm32f103xe.o(.text)
    TIM1_BRK_IRQHandler                      0x0800015f   Thumb Code     0  startup_stm32f103xe.o(.text)
    TIM1_CC_IRQHandler                       0x0800015f   Thumb Code     0  startup_stm32f103xe.o(.text)
    TIM1_TRG_COM_IRQHandler                  0x0800015f   Thumb Code     0  startup_stm32f103xe.o(.text)
    TIM1_UP_IRQHandler                       0x0800015f   Thumb Code     0  startup_stm32f103xe.o(.text)
    TIM2_IRQHandler                          0x0800015f   Thumb Code     0  startup_stm32f103xe.o(.text)
    TIM3_IRQHandler                          0x0800015f   Thumb Code     0  startup_stm32f103xe.o(.text)
    TIM4_IRQHandler                          0x0800015f   Thumb Code     0  startup_stm32f103xe.o(.text)
    TIM5_IRQHandler                          0x0800015f   Thumb Code     0  startup_stm32f103xe.o(.text)
    TIM6_IRQHandler                          0x0800015f   Thumb Code     0  startup_stm32f103xe.o(.text)
    TIM7_IRQHandler                          0x0800015f   Thumb Code     0  startup_stm32f103xe.o(.text)
    TIM8_BRK_IRQHandler                      0x0800015f   Thumb Code     0  startup_stm32f103xe.o(.text)
    TIM8_CC_IRQHandler                       0x0800015f   Thumb Code     0  startup_stm32f103xe.o(.text)
    TIM8_TRG_COM_IRQHandler                  0x0800015f   Thumb Code     0  startup_stm32f103xe.o(.text)
    TIM8_UP_IRQHandler                       0x0800015f   Thumb Code     0  startup_stm32f103xe.o(.text)
    UART4_IRQHandler                         0x0800015f   Thumb Code     0  startup_stm32f103xe.o(.text)
    UART5_IRQHandler                         0x0800015f   Thumb Code     0  startup_stm32f103xe.o(.text)
    USART1_IRQHandler                        0x0800015f   Thumb Code     0  startup_stm32f103xe.o(.text)
    USART2_IRQHandler                        0x0800015f   Thumb Code     0  startup_stm32f103xe.o(.text)
    USBWakeUp_IRQHandler                     0x0800015f   Thumb Code     0  startup_stm32f103xe.o(.text)
    USB_HP_CAN1_TX_IRQHandler                0x0800015f   Thumb Code     0  startup_stm32f103xe.o(.text)
    USB_LP_CAN1_RX0_IRQHandler               0x0800015f   Thumb Code     0  startup_stm32f103xe.o(.text)
    WWDG_IRQHandler                          0x0800015f   Thumb Code     0  startup_stm32f103xe.o(.text)
    __aeabi_llsr                             0x08000169   Thumb Code    32  llushr.o(.text)
    _ll_ushift_r                             0x08000169   Thumb Code     0  llushr.o(.text)
    __aeabi_memcpy                           0x08000189   Thumb Code    36  memcpya.o(.text)
    __aeabi_memcpy4                          0x08000189   Thumb Code     0  memcpya.o(.text)
    __aeabi_memcpy8                          0x08000189   Thumb Code     0  memcpya.o(.text)
    __aeabi_memset                           0x080001ad   Thumb Code    14  memseta.o(.text)
    __aeabi_memset4                          0x080001ad   Thumb Code     0  memseta.o(.text)
    __aeabi_memset8                          0x080001ad   Thumb Code     0  memseta.o(.text)
    __aeabi_memclr                           0x080001bb   Thumb Code     4  memseta.o(.text)
    __aeabi_memclr4                          0x080001bb   Thumb Code     0  memseta.o(.text)
    __aeabi_memclr8                          0x080001bb   Thumb Code     0  memseta.o(.text)
    _memset$wrapper                          0x080001bf   Thumb Code    18  memseta.o(.text)
    strstr                                   0x080001d1   Thumb Code    36  strstr.o(.text)
    strlen                                   0x080001f5   Thumb Code    14  strlen.o(.text)
    strcpy                                   0x08000203   Thumb Code    18  strcpy.o(.text)
    strncmp                                  0x08000215   Thumb Code    30  strncmp.o(.text)
    atoi                                     0x08000233   Thumb Code    26  atoi.o(.text)
    atol                                     0x0800024d   Thumb Code    26  atol.o(.text)
    __aeabi_uidiv                            0x08000267   Thumb Code     0  uidiv.o(.text)
    __aeabi_uidivmod                         0x08000267   Thumb Code    44  uidiv.o(.text)
    strtol                                   0x08000293   Thumb Code   112  strtol.o(.text)
    __scatterload                            0x08000305   Thumb Code    28  init.o(.text)
    __scatterload_rt2                        0x08000305   Thumb Code     0  init.o(.text)
    __rt_ctype_table                         0x08000329   Thumb Code     4  ctype_o.o(.text)
    _strtoul                                 0x08000331   Thumb Code   158  _strtoul.o(.text)
    _chval                                   0x080003cf   Thumb Code    28  _chval.o(.text)
    AT_RECV_SET_OK                           0x080003ed   Thumb Code     8  serial-ops.o(i.AT_RECV_SET_OK)
    BusFault_Handler                         0x080003f9   Thumb Code     2  stm32f1xx_it.o(i.BusFault_Handler)
    DMA1_Channel3_IRQHandler                 0x080003fd   Thumb Code     6  stm32f1xx_it.o(i.DMA1_Channel3_IRQHandler)
    DebugMon_Handler                         0x08000433   Thumb Code     2  stm32f1xx_it.o(i.DebugMon_Handler)
    EXTI4_IRQHandler                         0x08000435   Thumb Code     6  stm32f1xx_it.o(i.EXTI4_IRQHandler)
    EXTI9_5_IRQHandler                       0x0800043b   Thumb Code    24  stm32f1xx_it.o(i.EXTI9_5_IRQHandler)
    FLASH_PageErase                          0x08000479   Thumb Code    28  stm32f1xx_hal_flash_ex.o(i.FLASH_PageErase)
    FLASH_WaitForLastOperation               0x08000515   Thumb Code    80  stm32f1xx_hal_flash.o(i.FLASH_WaitForLastOperation)
    Get_KeyNum                               0x080005f5   Thumb Code   146  keyboard.o(i.Get_KeyNum)
    HAL_DMA_Abort                            0x0800068d   Thumb Code    48  stm32f1xx_hal_dma.o(i.HAL_DMA_Abort)
    HAL_DMA_Abort_IT                         0x080006bd   Thumb Code   296  stm32f1xx_hal_dma.o(i.HAL_DMA_Abort_IT)
    HAL_DMA_IRQHandler                       0x080007ed   Thumb Code   552  stm32f1xx_hal_dma.o(i.HAL_DMA_IRQHandler)
    HAL_DMA_Init                             0x08000a35   Thumb Code   120  stm32f1xx_hal_dma.o(i.HAL_DMA_Init)
    HAL_DMA_Start_IT                         0x08000ab9   Thumb Code   112  stm32f1xx_hal_dma.o(i.HAL_DMA_Start_IT)
    HAL_Delay                                0x08000b29   Thumb Code    28  stm32f1xx_hal.o(i.HAL_Delay)
    HAL_FLASHEx_Erase                        0x08000b45   Thumb Code   160  stm32f1xx_hal_flash_ex.o(i.HAL_FLASHEx_Erase)
    HAL_FLASH_Lock                           0x08000bed   Thumb Code    14  stm32f1xx_hal_flash.o(i.HAL_FLASH_Lock)
    HAL_FLASH_Program                        0x08000c01   Thumb Code   120  stm32f1xx_hal_flash.o(i.HAL_FLASH_Program)
    HAL_FLASH_Unlock                         0x08000c81   Thumb Code    24  stm32f1xx_hal_flash.o(i.HAL_FLASH_Unlock)
    HAL_GPIO_EXTI_Callback                   0x08000ca5   Thumb Code   288  main.o(i.HAL_GPIO_EXTI_Callback)
    HAL_GPIO_EXTI_IRQHandler                 0x08000df9   Thumb Code    18  stm32f1xx_hal_gpio.o(i.HAL_GPIO_EXTI_IRQHandler)
    HAL_GPIO_Init                            0x08000e11   Thumb Code   446  stm32f1xx_hal_gpio.o(i.HAL_GPIO_Init)
    HAL_GPIO_ReadPin                         0x08000ff9   Thumb Code    10  stm32f1xx_hal_gpio.o(i.HAL_GPIO_ReadPin)
    HAL_GPIO_WritePin                        0x08001003   Thumb Code    10  stm32f1xx_hal_gpio.o(i.HAL_GPIO_WritePin)
    HAL_GetTick                              0x0800100d   Thumb Code     6  stm32f1xx_hal.o(i.HAL_GetTick)
    HAL_I2C_Init                             0x08001019   Thumb Code   254  stm32f1xx_hal_i2c.o(i.HAL_I2C_Init)
    HAL_I2C_Master_Transmit                  0x08001121   Thumb Code   304  stm32f1xx_hal_i2c.o(i.HAL_I2C_Master_Transmit)
    HAL_I2C_MspInit                          0x08001259   Thumb Code    54  stm32f1xx_hal_msp.o(i.HAL_I2C_MspInit)
    HAL_IncTick                              0x0800129d   Thumb Code    10  stm32f1xx_hal.o(i.HAL_IncTick)
    HAL_Init                                 0x080012ad   Thumb Code    32  stm32f1xx_hal.o(i.HAL_Init)
    HAL_InitTick                             0x080012d1   Thumb Code    34  stm32f1xx_hal.o(i.HAL_InitTick)
    HAL_MspInit                              0x080012f9   Thumb Code   138  stm32f1xx_hal_msp.o(i.HAL_MspInit)
    HAL_NVIC_EnableIRQ                       0x0800138d   Thumb Code    22  stm32f1xx_hal_cortex.o(i.HAL_NVIC_EnableIRQ)
    HAL_NVIC_SetPriority                     0x080013a5   Thumb Code    60  stm32f1xx_hal_cortex.o(i.HAL_NVIC_SetPriority)
    HAL_NVIC_SetPriorityGrouping             0x080013e5   Thumb Code    26  stm32f1xx_hal_cortex.o(i.HAL_NVIC_SetPriorityGrouping)
    HAL_RCC_ClockConfig                      0x08001409   Thumb Code   322  stm32f1xx_hal_rcc.o(i.HAL_RCC_ClockConfig)
    HAL_RCC_GetHCLKFreq                      0x0800155d   Thumb Code     6  stm32f1xx_hal_rcc.o(i.HAL_RCC_GetHCLKFreq)
    HAL_RCC_GetPCLK1Freq                     0x08001569   Thumb Code    20  stm32f1xx_hal_rcc.o(i.HAL_RCC_GetPCLK1Freq)
    HAL_RCC_GetPCLK2Freq                     0x08001589   Thumb Code    20  stm32f1xx_hal_rcc.o(i.HAL_RCC_GetPCLK2Freq)
    HAL_RCC_GetSysClockFreq                  0x080015a9   Thumb Code    74  stm32f1xx_hal_rcc.o(i.HAL_RCC_GetSysClockFreq)
    HAL_RCC_OscConfig                        0x08001615   Thumb Code   750  stm32f1xx_hal_rcc.o(i.HAL_RCC_OscConfig)
    HAL_SYSTICK_CLKSourceConfig              0x08001919   Thumb Code    24  stm32f1xx_hal_cortex.o(i.HAL_SYSTICK_CLKSourceConfig)
    HAL_SYSTICK_Callback                     0x08001931   Thumb Code     2  stm32f1xx_hal_cortex.o(i.HAL_SYSTICK_Callback)
    HAL_SYSTICK_Config                       0x08001933   Thumb Code    40  stm32f1xx_hal_cortex.o(i.HAL_SYSTICK_Config)
    HAL_SYSTICK_IRQHandler                   0x0800195b   Thumb Code     8  stm32f1xx_hal_cortex.o(i.HAL_SYSTICK_IRQHandler)
    HAL_UART_DMAStop                         0x08001963   Thumb Code    88  stm32f1xx_hal_uart.o(i.HAL_UART_DMAStop)
    HAL_UART_ErrorCallback                   0x080019bb   Thumb Code     2  stm32f1xx_hal_uart.o(i.HAL_UART_ErrorCallback)
    HAL_UART_IRQHandler                      0x080019bd   Thumb Code   266  stm32f1xx_hal_uart.o(i.HAL_UART_IRQHandler)
    HAL_UART_Init                            0x08001acd   Thumb Code    98  stm32f1xx_hal_uart.o(i.HAL_UART_Init)
    HAL_UART_MspInit                         0x08001b31   Thumb Code   190  stm32f1xx_hal_msp.o(i.HAL_UART_MspInit)
    HAL_UART_Receive_DMA                     0x08001c2d   Thumb Code   138  stm32f1xx_hal_uart.o(i.HAL_UART_Receive_DMA)
    HAL_UART_RxCpltCallback                  0x08001cc5   Thumb Code     2  stm32f1xx_hal_uart.o(i.HAL_UART_RxCpltCallback)
    HAL_UART_RxHalfCpltCallback              0x08001cc7   Thumb Code     2  stm32f1xx_hal_uart.o(i.HAL_UART_RxHalfCpltCallback)
    HAL_UART_Transmit                        0x08001cc9   Thumb Code   186  stm32f1xx_hal_uart.o(i.HAL_UART_Transmit)
    HAL_UART_Transmit_IT                     0x08001d83   Thumb Code    62  stm32f1xx_hal_uart.o(i.HAL_UART_Transmit_IT)
    HAL_UART_TxCpltCallback                  0x08001dc1   Thumb Code     2  stm32f1xx_hal_uart.o(i.HAL_UART_TxCpltCallback)
    HardFault_Handler                        0x08001dc3   Thumb Code     2  stm32f1xx_it.o(i.HardFault_Handler)
    I2C_WriteByte                            0x08002009   Thumb Code    30  oled.o(i.I2C_WriteByte)
    Key_Bord_Init                            0x0800202d   Thumb Code     4  keyboard.o(i.Key_Bord_Init)
    MemManage_Handler                        0x080021d1   Thumb Code     2  stm32f1xx_it.o(i.MemManage_Handler)
    NMI_Handler                              0x080021d3   Thumb Code     2  stm32f1xx_it.o(i.NMI_Handler)
    OLED_CLS                                 0x080021f5   Thumb Code    14  oled.o(i.OLED_CLS)
    OLED_CLS_FLASH                           0x08002205   Thumb Code    34  oled.o(i.OLED_CLS_FLASH)
    OLED_DrawBMP_p                           0x0800222d   Thumb Code    96  oled.o(i.OLED_DrawBMP_p)
    OLED_Init                                0x0800228d   Thumb Code   180  oled.o(i.OLED_Init)
    OLED_SET_POINT                           0x08002341   Thumb Code    42  oled.o(i.OLED_SET_POINT)
    OLED_ShowStr                             0x08002371   Thumb Code   124  oled.o(i.OLED_ShowStr)
    PendSV_Handler                           0x080023f5   Thumb Code     2  stm32f1xx_it.o(i.PendSV_Handler)
    SVC_Handler                              0x080023f7   Thumb Code     2  stm32f1xx_it.o(i.SVC_Handler)
    SysTick_Handler                          0x080023f9   Thumb Code    14  stm32f1xx_it.o(i.SysTick_Handler)
    SystemClock_Config                       0x08002407   Thumb Code   102  main.o(i.SystemClock_Config)
    SystemInit                               0x0800246d   Thumb Code    56  system_stm32f1xx.o(i.SystemInit)
    USART3_IRQHandler                        0x08002851   Thumb Code    70  stm32f1xx_it.o(i.USART3_IRQHandler)
    UsageFault_Handler                       0x080028a1   Thumb Code     2  stm32f1xx_it.o(i.UsageFault_Handler)
    WriteCmd                                 0x080028a3   Thumb Code     8  oled.o(i.WriteCmd)
    WriteDat                                 0x080028ab   Thumb Code     8  oled.o(i.WriteDat)
    _Error_Handler                           0x080028b3   Thumb Code     2  main.o(i._Error_Handler)
    __0snprintf$6                            0x080028b5   Thumb Code    44  printf6.o(i.__0snprintf$6)
    __1snprintf$6                            0x080028b5   Thumb Code     0  printf6.o(i.__0snprintf$6)
    __2snprintf                              0x080028b5   Thumb Code     0  printf6.o(i.__0snprintf$6)
    __0sprintf$6                             0x080028e5   Thumb Code    34  printf6.o(i.__0sprintf$6)
    __1sprintf$6                             0x080028e5   Thumb Code     0  printf6.o(i.__0sprintf$6)
    __2sprintf                               0x080028e5   Thumb Code     0  printf6.o(i.__0sprintf$6)
    __aeabi_errno_addr                       0x0800290d   Thumb Code     4  errno.o(i.__aeabi_errno_addr)
    __rt_errno_addr                          0x0800290d   Thumb Code     0  errno.o(i.__aeabi_errno_addr)
    __scatterload_copy                       0x08002915   Thumb Code    14  handlers.o(i.__scatterload_copy)
    __scatterload_null                       0x08002923   Thumb Code     2  handlers.o(i.__scatterload_null)
    __scatterload_zeroinit                   0x08002925   Thumb Code    14  handlers.o(i.__scatterload_zeroinit)
    ap_mode                                  0x08002c99   Thumb Code   132  main.o(i.ap_mode)
    ap_mode_data                             0x08002dc9   Thumb Code   390  main.o(i.ap_mode_data)
    at_get_recvbuf                           0x08002fcd   Thumb Code     4  serial-ops.o(i.at_get_recvbuf)
    at_send_than_recv_match_timeout          0x08002fd5   Thumb Code   172  serial-ops.o(i.at_send_than_recv_match_timeout)
    fflash                                   0x08003089   Thumb Code    62  oled.o(i.fflash)
    flash_ops_read                           0x080030cd   Thumb Code    20  flash-ops.o(i.flash_ops_read)
    flash_ops_write                          0x080030e1   Thumb Code   108  flash-ops.o(i.flash_ops_write)
    main                                     0x080031b9   Thumb Code   384  main.o(i.main)
    main_menu_flash                          0x0800335d   Thumb Code    94  main.o(i.main_menu_flash)
    password_flash                           0x08003419   Thumb Code    32  main.o(i.password_flash)
    station_mode                             0x08003451   Thumb Code   744  main.o(i.station_mode)
    station_mode_data                        0x0800387d   Thumb Code   274  main.o(i.station_mode_data)
    time                                     0x080039f5   Thumb Code    34  main.o(i.time)
    tips_flash                               0x08003a1d   Thumb Code   102  main.o(i.tips_flash)
    wifi_ap_init                             0x08003acd   Thumb Code   116  wifi-ops.o(i.wifi_ap_init)
    wifi_ap_listen                           0x08003b7d   Thumb Code    70  wifi-ops.o(i.wifi_ap_listen)
    wifi_ap_send_data                        0x08003bdd   Thumb Code   110  wifi-ops.o(i.wifi_ap_send_data)
    wifi_ap_set_args                         0x08003c6d   Thumb Code   104  wifi-ops.o(i.wifi_ap_set_args)
    wifi_ap_wait_recvdata_timeout            0x08003d05   Thumb Code   100  wifi-ops.o(i.wifi_ap_wait_recvdata_timeout)
    wifi_ap_waitfor_connect                  0x08003d75   Thumb Code    46  wifi-ops.o(i.wifi_ap_waitfor_connect)
    wifi_listen_and_wait_connect_timeout     0x08003dad   Thumb Code    28  wifi-ops.o(i.wifi_listen_and_wait_connect_timeout)
    wifi_station_connect                     0x08003dc9   Thumb Code   138  wifi-ops.o(i.wifi_station_connect)
    wifi_station_disconnect                  0x08003e89   Thumb Code    62  wifi-ops.o(i.wifi_station_disconnect)
    wifi_station_exit_ap                     0x08003edd   Thumb Code    60  wifi-ops.o(i.wifi_station_exit_ap)
    wifi_station_init                        0x08003f29   Thumb Code   164  wifi-ops.o(i.wifi_station_init)
    wifi_station_join_ap                     0x08004019   Thumb Code    86  wifi-ops.o(i.wifi_station_join_ap)
    wifi_station_send_recv_data_timeout      0x08004095   Thumb Code   156  wifi-ops.o(i.wifi_station_send_recv_data_timeout)
    F6x8                                     0x08004150   Data         552  oled.o(.constdata)
    F8X16                                    0x08004378   Data        1520  oled.o(.constdata)
    AHBPrescTable                            0x08004968   Data          16  system_stm32f1xx.o(.constdata)
    APBPrescTable                            0x08004978   Data           8  system_stm32f1xx.o(.constdata)
    __ctype_table                            0x08004980   Data         129  ctype_o.o(.constdata)
    Region$$Table$$Base                      0x08004a08   Number         0  anon$$obj.o(Region$$Table)
    Region$$Table$$Limit                     0x08004a28   Number         0  anon$$obj.o(Region$$Table)
    AT_RECV_OK_FLAGS                         0x20000000   Data           1  serial-ops.o(.data)
    menu_flag                                0x20000004   Data           4  main.o(.data)
    temp_flag                                0x20000008   Data           4  main.o(.data)
    pos                                      0x2000000c   Data           4  main.o(.data)
    wifi_flag                                0x20000014   Data           4  main.o(.data)
    linkid                                   0x20000018   Data           4  main.o(.data)
    year                                     0x2000001c   Data           4  main.o(.data)
    month                                    0x20000020   Data           4  main.o(.data)
    day                                      0x20000024   Data           4  main.o(.data)
    hour                                     0x20000028   Data           4  main.o(.data)
    min                                      0x2000002c   Data           4  main.o(.data)
    sec                                      0x20000030   Data           4  main.o(.data)
    ptchar                                   0x20000034   Data           4  main.o(.data)
    uwTick                                   0x20000038   Data           4  stm32f1xx_hal.o(.data)
    SystemCoreClock                          0x2000003c   Data           4  system_stm32f1xx.o(.data)
    at_recvbuf                               0x20000044   Data          64  serial-ops.o(.bss)
    REG_FLASH                                0x20000084   Data        1024  oled.o(.bss)
    hi2c1                                    0x20000484   Data          84  main.o(.bss)
    huart5                                   0x200004d8   Data          64  main.o(.bss)
    huart3                                   0x20000518   Data          64  main.o(.bss)
    uart3_rxbuf                              0x20000558   Data          64  main.o(.bss)
    info                                     0x20000598   Data          80  main.o(.bss)
    Y                                        0x200005e8   Data          16  main.o(.bss)
    M                                        0x200005f8   Data          16  main.o(.bss)
    D                                        0x20000608   Data          16  main.o(.bss)
    H                                        0x20000618   Data          16  main.o(.bss)
    MIN                                      0x20000628   Data          16  main.o(.bss)
    S                                        0x20000638   Data          16  main.o(.bss)
    cmdbuf                                   0x20000648   Data          64  main.o(.bss)
    tipsbuf                                  0x20000688   Data          16  main.o(.bss)
    starbuf                                  0x20000698   Data          16  main.o(.bss)
    pswdbuf                                  0x200006a8   Data          16  main.o(.bss)
    funcbuf                                  0x200006b8   Data          32  main.o(.bss)
    hdma_usart3_rx                           0x200006d8   Data          68  main.o(.bss)
    pFlash                                   0x20000720   Data          32  stm32f1xx_hal_flash.o(.bss)
    __initial_sp                             0x20000b40   Data           0  startup_stm32f103xe.o(STACK)



==============================================================================

Memory Map of the image

  Image Entry point : 0x08000131

  Load Region LR_IROM1 (Base: 0x08000000, Size: 0x00004a6c, Max: 0x00040000, ABSOLUTE)

    Execution Region ER_IROM1 (Exec base: 0x08000000, Load base: 0x08000000, Size: 0x00004a28, Max: 0x00040000, ABSOLUTE)

    Exec Addr    Load Addr    Size         Type   Attr      Idx    E Section Name        Object

    0x08000000   0x08000000   0x00000130   Data   RO            3    RESET               startup_stm32f103xe.o
    0x08000130   0x08000130   0x00000000   Code   RO         2461  * .ARM.Collect$$$$00000000  mc_w.l(entry.o)
    0x08000130   0x08000130   0x00000004   Code   RO         2745    .ARM.Collect$$$$00000001  mc_w.l(entry2.o)
    0x08000134   0x08000134   0x00000004   Code   RO         2748    .ARM.Collect$$$$00000004  mc_w.l(entry5.o)
    0x08000138   0x08000138   0x00000000   Code   RO         2750    .ARM.Collect$$$$00000008  mc_w.l(entry7b.o)
    0x08000138   0x08000138   0x00000000   Code   RO         2752    .ARM.Collect$$$$0000000A  mc_w.l(entry8b.o)
    0x08000138   0x08000138   0x00000008   Code   RO         2753    .ARM.Collect$$$$0000000B  mc_w.l(entry9a.o)
    0x08000140   0x08000140   0x00000000   Code   RO         2755    .ARM.Collect$$$$0000000D  mc_w.l(entry10a.o)
    0x08000140   0x08000140   0x00000000   Code   RO         2757    .ARM.Collect$$$$0000000F  mc_w.l(entry11a.o)
    0x08000140   0x08000140   0x00000004   Code   RO         2746    .ARM.Collect$$$$00002712  mc_w.l(entry2.o)
    0x08000144   0x08000144   0x00000024   Code   RO            4    .text               startup_stm32f103xe.o
    0x08000168   0x08000168   0x00000020   Code   RO         2464    .text               mc_w.l(llushr.o)
    0x08000188   0x08000188   0x00000024   Code   RO         2466    .text               mc_w.l(memcpya.o)
    0x080001ac   0x080001ac   0x00000024   Code   RO         2468    .text               mc_w.l(memseta.o)
    0x080001d0   0x080001d0   0x00000024   Code   RO         2470    .text               mc_w.l(strstr.o)
    0x080001f4   0x080001f4   0x0000000e   Code   RO         2472    .text               mc_w.l(strlen.o)
    0x08000202   0x08000202   0x00000012   Code   RO         2474    .text               mc_w.l(strcpy.o)
    0x08000214   0x08000214   0x0000001e   Code   RO         2476    .text               mc_w.l(strncmp.o)
    0x08000232   0x08000232   0x0000001a   Code   RO         2741    .text               mc_w.l(atoi.o)
    0x0800024c   0x0800024c   0x0000001a   Code   RO         2743    .text               mc_w.l(atol.o)
    0x08000266   0x08000266   0x0000002c   Code   RO         2762    .text               mc_w.l(uidiv.o)
    0x08000292   0x08000292   0x00000070   Code   RO         2773    .text               mc_w.l(strtol.o)
    0x08000302   0x08000302   0x00000002   PAD
    0x08000304   0x08000304   0x00000024   Code   RO         2786    .text               mc_w.l(init.o)
    0x08000328   0x08000328   0x00000008   Code   RO         2793    .text               mc_w.l(ctype_o.o)
    0x08000330   0x08000330   0x0000009e   Code   RO         2821    .text               mc_w.l(_strtoul.o)
    0x080003ce   0x080003ce   0x0000001c   Code   RO         2826    .text               mc_w.l(_chval.o)
    0x080003ea   0x080003ea   0x00000002   PAD
    0x080003ec   0x080003ec   0x0000000c   Code   RO          126    i.AT_RECV_SET_OK    serial-ops.o
    0x080003f8   0x080003f8   0x00000002   Code   RO          611    i.BusFault_Handler  stm32f1xx_it.o
    0x080003fa   0x080003fa   0x00000002   PAD
    0x080003fc   0x080003fc   0x0000000c   Code   RO          612    i.DMA1_Channel3_IRQHandler  stm32f1xx_it.o
    0x08000408   0x08000408   0x0000002a   Code   RO         1901    i.DMA_SetConfig     stm32f1xx_hal_dma.o
    0x08000432   0x08000432   0x00000002   Code   RO          613    i.DebugMon_Handler  stm32f1xx_it.o
    0x08000434   0x08000434   0x00000006   Code   RO          614    i.EXTI4_IRQHandler  stm32f1xx_it.o
    0x0800043a   0x0800043a   0x00000018   Code   RO          615    i.EXTI9_5_IRQHandler  stm32f1xx_it.o
    0x08000452   0x08000452   0x00000002   PAD
    0x08000454   0x08000454   0x00000024   Code   RO         2341    i.FLASH_MassErase   stm32f1xx_hal_flash_ex.o
    0x08000478   0x08000478   0x00000024   Code   RO         2346    i.FLASH_PageErase   stm32f1xx_hal_flash_ex.o
    0x0800049c   0x0800049c   0x0000001c   Code   RO         2238    i.FLASH_Program_HalfWord  stm32f1xx_hal_flash.o
    0x080004b8   0x080004b8   0x0000005c   Code   RO         2239    i.FLASH_SetErrorCode  stm32f1xx_hal_flash.o
    0x08000514   0x08000514   0x00000054   Code   RO         2240    i.FLASH_WaitForLastOperation  stm32f1xx_hal_flash.o
    0x08000568   0x08000568   0x0000008a   Code   RO          321    i.Get_Key           keyboard.o
    0x080005f2   0x080005f2   0x00000002   PAD
    0x080005f4   0x080005f4   0x00000098   Code   RO          322    i.Get_KeyNum        keyboard.o
    0x0800068c   0x0800068c   0x00000030   Code   RO         1902    i.HAL_DMA_Abort     stm32f1xx_hal_dma.o
    0x080006bc   0x080006bc   0x00000130   Code   RO         1903    i.HAL_DMA_Abort_IT  stm32f1xx_hal_dma.o
    0x080007ec   0x080007ec   0x00000248   Code   RO         1907    i.HAL_DMA_IRQHandler  stm32f1xx_hal_dma.o
    0x08000a34   0x08000a34   0x00000084   Code   RO         1908    i.HAL_DMA_Init      stm32f1xx_hal_dma.o
    0x08000ab8   0x08000ab8   0x00000070   Code   RO         1912    i.HAL_DMA_Start_IT  stm32f1xx_hal_dma.o
    0x08000b28   0x08000b28   0x0000001c   Code   RO         1563    i.HAL_Delay         stm32f1xx_hal.o
    0x08000b44   0x08000b44   0x000000a8   Code   RO         2347    i.HAL_FLASHEx_Erase  stm32f1xx_hal_flash_ex.o
    0x08000bec   0x08000bec   0x00000014   Code   RO         2244    i.HAL_FLASH_Lock    stm32f1xx_hal_flash.o
    0x08000c00   0x08000c00   0x00000080   Code   RO         2249    i.HAL_FLASH_Program  stm32f1xx_hal_flash.o
    0x08000c80   0x08000c80   0x00000024   Code   RO         2251    i.HAL_FLASH_Unlock  stm32f1xx_hal_flash.o
    0x08000ca4   0x08000ca4   0x00000154   Code   RO          490    i.HAL_GPIO_EXTI_Callback  main.o
    0x08000df8   0x08000df8   0x00000018   Code   RO         1837    i.HAL_GPIO_EXTI_IRQHandler  stm32f1xx_hal_gpio.o
    0x08000e10   0x08000e10   0x000001e8   Code   RO         1838    i.HAL_GPIO_Init     stm32f1xx_hal_gpio.o
    0x08000ff8   0x08000ff8   0x0000000a   Code   RO         1840    i.HAL_GPIO_ReadPin  stm32f1xx_hal_gpio.o
    0x08001002   0x08001002   0x0000000a   Code   RO         1842    i.HAL_GPIO_WritePin  stm32f1xx_hal_gpio.o
    0x0800100c   0x0800100c   0x0000000c   Code   RO         1567    i.HAL_GetTick       stm32f1xx_hal.o
    0x08001018   0x08001018   0x00000108   Code   RO          807    i.HAL_I2C_Init      stm32f1xx_hal_i2c.o
    0x08001120   0x08001120   0x00000138   Code   RO          818    i.HAL_I2C_Master_Transmit  stm32f1xx_hal_i2c.o
    0x08001258   0x08001258   0x00000044   Code   RO          712    i.HAL_I2C_MspInit   stm32f1xx_hal_msp.o
    0x0800129c   0x0800129c   0x00000010   Code   RO         1569    i.HAL_IncTick       stm32f1xx_hal.o
    0x080012ac   0x080012ac   0x00000024   Code   RO         1570    i.HAL_Init          stm32f1xx_hal.o
    0x080012d0   0x080012d0   0x00000028   Code   RO         1571    i.HAL_InitTick      stm32f1xx_hal.o
    0x080012f8   0x080012f8   0x00000094   Code   RO          713    i.HAL_MspInit       stm32f1xx_hal_msp.o
    0x0800138c   0x0800138c   0x00000016   Code   RO         1998    i.HAL_NVIC_EnableIRQ  stm32f1xx_hal_cortex.o
    0x080013a2   0x080013a2   0x00000002   PAD
    0x080013a4   0x080013a4   0x00000040   Code   RO         2004    i.HAL_NVIC_SetPriority  stm32f1xx_hal_cortex.o
    0x080013e4   0x080013e4   0x00000024   Code   RO         2005    i.HAL_NVIC_SetPriorityGrouping  stm32f1xx_hal_cortex.o
    0x08001408   0x08001408   0x00000154   Code   RO         1698    i.HAL_RCC_ClockConfig  stm32f1xx_hal_rcc.o
    0x0800155c   0x0800155c   0x0000000c   Code   RO         1703    i.HAL_RCC_GetHCLKFreq  stm32f1xx_hal_rcc.o
    0x08001568   0x08001568   0x00000020   Code   RO         1705    i.HAL_RCC_GetPCLK1Freq  stm32f1xx_hal_rcc.o
    0x08001588   0x08001588   0x00000020   Code   RO         1706    i.HAL_RCC_GetPCLK2Freq  stm32f1xx_hal_rcc.o
    0x080015a8   0x080015a8   0x0000006c   Code   RO         1707    i.HAL_RCC_GetSysClockFreq  stm32f1xx_hal_rcc.o
    0x08001614   0x08001614   0x00000304   Code   RO         1710    i.HAL_RCC_OscConfig  stm32f1xx_hal_rcc.o
    0x08001918   0x08001918   0x00000018   Code   RO         2007    i.HAL_SYSTICK_CLKSourceConfig  stm32f1xx_hal_cortex.o
    0x08001930   0x08001930   0x00000002   Code   RO         2008    i.HAL_SYSTICK_Callback  stm32f1xx_hal_cortex.o
    0x08001932   0x08001932   0x00000028   Code   RO         2009    i.HAL_SYSTICK_Config  stm32f1xx_hal_cortex.o
    0x0800195a   0x0800195a   0x00000008   Code   RO         2010    i.HAL_SYSTICK_IRQHandler  stm32f1xx_hal_cortex.o
    0x08001962   0x08001962   0x00000058   Code   RO         1249    i.HAL_UART_DMAStop  stm32f1xx_hal_uart.o
    0x080019ba   0x080019ba   0x00000002   Code   RO         1251    i.HAL_UART_ErrorCallback  stm32f1xx_hal_uart.o
    0x080019bc   0x080019bc   0x00000110   Code   RO         1254    i.HAL_UART_IRQHandler  stm32f1xx_hal_uart.o
    0x08001acc   0x08001acc   0x00000062   Code   RO         1255    i.HAL_UART_Init     stm32f1xx_hal_uart.o
    0x08001b2e   0x08001b2e   0x00000002   PAD
    0x08001b30   0x08001b30   0x000000fc   Code   RO          715    i.HAL_UART_MspInit  stm32f1xx_hal_msp.o
    0x08001c2c   0x08001c2c   0x00000098   Code   RO         1259    i.HAL_UART_Receive_DMA  stm32f1xx_hal_uart.o
    0x08001cc4   0x08001cc4   0x00000002   Code   RO         1261    i.HAL_UART_RxCpltCallback  stm32f1xx_hal_uart.o
    0x08001cc6   0x08001cc6   0x00000002   Code   RO         1262    i.HAL_UART_RxHalfCpltCallback  stm32f1xx_hal_uart.o
    0x08001cc8   0x08001cc8   0x000000ba   Code   RO         1263    i.HAL_UART_Transmit  stm32f1xx_hal_uart.o
    0x08001d82   0x08001d82   0x0000003e   Code   RO         1265    i.HAL_UART_Transmit_IT  stm32f1xx_hal_uart.o
    0x08001dc0   0x08001dc0   0x00000002   Code   RO         1266    i.HAL_UART_TxCpltCallback  stm32f1xx_hal_uart.o
    0x08001dc2   0x08001dc2   0x00000002   Code   RO          616    i.HardFault_Handler  stm32f1xx_it.o
    0x08001dc4   0x08001dc4   0x00000028   Code   RO          845    i.I2C_IsAcknowledgeFailed  stm32f1xx_hal_i2c.o
    0x08001dec   0x08001dec   0x00000094   Code   RO          849    i.I2C_MasterRequestWrite  stm32f1xx_hal_i2c.o
    0x08001e80   0x08001e80   0x0000004e   Code   RO          858    i.I2C_WaitOnBTFFlagUntilTimeout  stm32f1xx_hal_i2c.o
    0x08001ece   0x08001ece   0x00000060   Code   RO          859    i.I2C_WaitOnFlagUntilTimeout  stm32f1xx_hal_i2c.o
    0x08001f2e   0x08001f2e   0x00000002   PAD
    0x08001f30   0x08001f30   0x00000088   Code   RO          860    i.I2C_WaitOnMasterAddressFlagUntilTimeout  stm32f1xx_hal_i2c.o
    0x08001fb8   0x08001fb8   0x0000004e   Code   RO          862    i.I2C_WaitOnTXEFlagUntilTimeout  stm32f1xx_hal_i2c.o
    0x08002006   0x08002006   0x00000002   PAD
    0x08002008   0x08002008   0x00000024   Code   RO          369    i.I2C_WriteByte     oled.o
    0x0800202c   0x0800202c   0x00000004   Code   RO          323    i.Key_Bord_Init     keyboard.o
    0x08002030   0x08002030   0x00000068   Code   RO          324    i.Key_OutPut_Mode   keyboard.o
    0x08002098   0x08002098   0x00000100   Code   RO          491    i.MX_GPIO_Init      main.o
    0x08002198   0x08002198   0x00000038   Code   RO          492    i.MX_I2C1_Init      main.o
    0x080021d0   0x080021d0   0x00000002   Code   RO          617    i.MemManage_Handler  stm32f1xx_it.o
    0x080021d2   0x080021d2   0x00000002   Code   RO          618    i.NMI_Handler       stm32f1xx_it.o
    0x080021d4   0x080021d4   0x00000020   Code   RO         2011    i.NVIC_SetPriority  stm32f1xx_hal_cortex.o
    0x080021f4   0x080021f4   0x0000000e   Code   RO          370    i.OLED_CLS          oled.o
    0x08002202   0x08002202   0x00000002   PAD
    0x08002204   0x08002204   0x00000028   Code   RO          371    i.OLED_CLS_FLASH    oled.o
    0x0800222c   0x0800222c   0x00000060   Code   RO          372    i.OLED_DrawBMP_p    oled.o
    0x0800228c   0x0800228c   0x000000b4   Code   RO          373    i.OLED_Init         oled.o
    0x08002340   0x08002340   0x00000030   Code   RO          376    i.OLED_SET_POINT    oled.o
    0x08002370   0x08002370   0x00000084   Code   RO          377    i.OLED_ShowStr      oled.o
    0x080023f4   0x080023f4   0x00000002   Code   RO          619    i.PendSV_Handler    stm32f1xx_it.o
    0x080023f6   0x080023f6   0x00000002   Code   RO          620    i.SVC_Handler       stm32f1xx_it.o
    0x080023f8   0x080023f8   0x0000000e   Code   RO          621    i.SysTick_Handler   stm32f1xx_it.o
    0x08002406   0x08002406   0x00000066   Code   RO          493    i.SystemClock_Config  main.o
    0x0800246c   0x0800246c   0x00000048   Code   RO         2427    i.SystemInit        system_stm32f1xx.o
    0x080024b4   0x080024b4   0x00000010   Code   RO         1268    i.UART_DMAAbortOnError  stm32f1xx_hal_uart.o
    0x080024c4   0x080024c4   0x0000004a   Code   RO         1269    i.UART_DMAError     stm32f1xx_hal_uart.o
    0x0800250e   0x0800250e   0x0000003c   Code   RO         1270    i.UART_DMAReceiveCplt  stm32f1xx_hal_uart.o
    0x0800254a   0x0800254a   0x0000000a   Code   RO         1272    i.UART_DMARxHalfCplt  stm32f1xx_hal_uart.o
    0x08002554   0x08002554   0x0000001c   Code   RO         1278    i.UART_EndRxTransfer  stm32f1xx_hal_uart.o
    0x08002570   0x08002570   0x00000012   Code   RO         1279    i.UART_EndTxTransfer  stm32f1xx_hal_uart.o
    0x08002582   0x08002582   0x00000096   Code   RO         1280    i.UART_Receive_IT   stm32f1xx_hal_uart.o
    0x08002618   0x08002618   0x00000170   Code   RO         1281    i.UART_SetConfig    stm32f1xx_hal_uart.o
    0x08002788   0x08002788   0x00000062   Code   RO         1282    i.UART_Transmit_IT  stm32f1xx_hal_uart.o
    0x080027ea   0x080027ea   0x00000064   Code   RO         1283    i.UART_WaitOnFlagUntilTimeout  stm32f1xx_hal_uart.o
    0x0800284e   0x0800284e   0x00000002   PAD
    0x08002850   0x08002850   0x00000050   Code   RO          622    i.USART3_IRQHandler  stm32f1xx_it.o
    0x080028a0   0x080028a0   0x00000002   Code   RO          623    i.UsageFault_Handler  stm32f1xx_it.o
    0x080028a2   0x080028a2   0x00000008   Code   RO          378    i.WriteCmd          oled.o
    0x080028aa   0x080028aa   0x00000008   Code   RO          379    i.WriteDat          oled.o
    0x080028b2   0x080028b2   0x00000002   Code   RO          494    i._Error_Handler    main.o
    0x080028b4   0x080028b4   0x00000030   Code   RO         2636    i.__0snprintf$6     mc_w.l(printf6.o)
    0x080028e4   0x080028e4   0x00000028   Code   RO         2637    i.__0sprintf$6      mc_w.l(printf6.o)
    0x0800290c   0x0800290c   0x00000008   Code   RO         2766    i.__aeabi_errno_addr  mc_w.l(errno.o)
    0x08002914   0x08002914   0x0000000e   Code   RO         2830    i.__scatterload_copy  mc_w.l(handlers.o)
    0x08002922   0x08002922   0x00000002   Code   RO         2831    i.__scatterload_null  mc_w.l(handlers.o)
    0x08002924   0x08002924   0x0000000e   Code   RO         2832    i.__scatterload_zeroinit  mc_w.l(handlers.o)
    0x08002932   0x08002932   0x00000002   PAD
    0x08002934   0x08002934   0x000002f0   Code   RO         2642    i._printf_core      mc_w.l(printf6.o)
    0x08002c24   0x08002c24   0x00000024   Code   RO         2643    i._printf_post_padding  mc_w.l(printf6.o)
    0x08002c48   0x08002c48   0x0000002e   Code   RO         2644    i._printf_pre_padding  mc_w.l(printf6.o)
    0x08002c76   0x08002c76   0x00000016   Code   RO         2645    i._snputc           mc_w.l(printf6.o)
    0x08002c8c   0x08002c8c   0x0000000a   Code   RO         2646    i._sputc            mc_w.l(printf6.o)
    0x08002c96   0x08002c96   0x00000002   PAD
    0x08002c98   0x08002c98   0x00000130   Code   RO          495    i.ap_mode           main.o
    0x08002dc8   0x08002dc8   0x00000204   Code   RO          496    i.ap_mode_data      main.o
    0x08002fcc   0x08002fcc   0x00000008   Code   RO          127    i.at_get_recvbuf    serial-ops.o
    0x08002fd4   0x08002fd4   0x000000b4   Code   RO          131    i.at_send_than_recv_match_timeout  serial-ops.o
    0x08003088   0x08003088   0x00000044   Code   RO          380    i.fflash            oled.o
    0x080030cc   0x080030cc   0x00000014   Code   RO           13    i.flash_ops_read    flash-ops.o
    0x080030e0   0x080030e0   0x0000006c   Code   RO           14    i.flash_ops_write   flash-ops.o
    0x0800314c   0x0800314c   0x0000006c   Code   RO          325    i.key_out_and_EXTI_mode  keyboard.o
    0x080031b8   0x080031b8   0x000001a4   Code   RO          497    i.main              main.o
    0x0800335c   0x0800335c   0x000000bc   Code   RO          498    i.main_menu_flash   main.o
    0x08003418   0x08003418   0x00000038   Code   RO          499    i.password_flash    main.o
    0x08003450   0x08003450   0x0000042c   Code   RO          500    i.station_mode      main.o
    0x0800387c   0x0800387c   0x00000178   Code   RO          501    i.station_mode_data  main.o
    0x080039f4   0x080039f4   0x00000028   Code   RO          502    i.time              main.o
    0x08003a1c   0x08003a1c   0x000000b0   Code   RO          503    i.tips_flash        main.o
    0x08003acc   0x08003acc   0x000000b0   Code   RO          200    i.wifi_ap_init      wifi-ops.o
    0x08003b7c   0x08003b7c   0x00000060   Code   RO          201    i.wifi_ap_listen    wifi-ops.o
    0x08003bdc   0x08003bdc   0x00000090   Code   RO          202    i.wifi_ap_send_data  wifi-ops.o
    0x08003c6c   0x08003c6c   0x00000098   Code   RO          203    i.wifi_ap_set_args  wifi-ops.o
    0x08003d04   0x08003d04   0x00000070   Code   RO          204    i.wifi_ap_wait_recvdata_timeout  wifi-ops.o
    0x08003d74   0x08003d74   0x00000038   Code   RO          205    i.wifi_ap_waitfor_connect  wifi-ops.o
    0x08003dac   0x08003dac   0x0000001c   Code   RO          206    i.wifi_listen_and_wait_connect_timeout  wifi-ops.o
    0x08003dc8   0x08003dc8   0x000000c0   Code   RO          208    i.wifi_station_connect  wifi-ops.o
    0x08003e88   0x08003e88   0x00000054   Code   RO          209    i.wifi_station_disconnect  wifi-ops.o
    0x08003edc   0x08003edc   0x0000004c   Code   RO          210    i.wifi_station_exit_ap  wifi-ops.o
    0x08003f28   0x08003f28   0x000000f0   Code   RO          211    i.wifi_station_init  wifi-ops.o
    0x08004018   0x08004018   0x0000007c   Code   RO          212    i.wifi_station_join_ap  wifi-ops.o
    0x08004094   0x08004094   0x000000bc   Code   RO          214    i.wifi_station_send_recv_data_timeout  wifi-ops.o
    0x08004150   0x08004150   0x00000818   Data   RO          387    .constdata          oled.o
    0x08004968   0x08004968   0x00000010   Data   RO         2428    .constdata          system_stm32f1xx.o
    0x08004978   0x08004978   0x00000008   Data   RO         2429    .constdata          system_stm32f1xx.o
    0x08004980   0x08004980   0x00000081   Data   RO         2794    .constdata          mc_w.l(ctype_o.o)
    0x08004a01   0x08004a01   0x00000003   PAD
    0x08004a04   0x08004a04   0x00000004   Data   RO         2795    .constdata          mc_w.l(ctype_o.o)
    0x08004a08   0x08004a08   0x00000020   Data   RO         2828    Region$$Table       anon$$obj.o


    Execution Region RW_IRAM1 (Exec base: 0x20000000, Load base: 0x08004a28, Size: 0x00000b40, Max: 0x0000c000, ABSOLUTE)

    Exec Addr    Load Addr    Size         Type   Attr      Idx    E Section Name        Object

    0x20000000   0x08004a28   0x00000001   Data   RW          134    .data               serial-ops.o
    0x20000001   0x08004a29   0x00000003   PAD
    0x20000004   0x08004a2c   0x00000034   Data   RW          513    .data               main.o
    0x20000038   0x08004a60   0x00000004   Data   RW         1576    .data               stm32f1xx_hal.o
    0x2000003c   0x08004a64   0x00000004   Data   RW         2430    .data               system_stm32f1xx.o
    0x20000040   0x08004a68   0x00000004   Data   RW         2769    .data               mc_w.l(errno.o)
    0x20000044        -       0x00000040   Zero   RW          133    .bss                serial-ops.o
    0x20000084        -       0x00000400   Zero   RW          385    .bss                oled.o
    0x20000484        -       0x00000254   Zero   RW          504    .bss                main.o
    0x200006d8        -       0x00000044   Zero   RW          505    .bss                main.o
    0x2000071c   0x08004a6c   0x00000004   PAD
    0x20000720        -       0x00000020   Zero   RW         2252    .bss                stm32f1xx_hal_flash.o
    0x20000740        -       0x00000400   Zero   RW            1    STACK               startup_stm32f103xe.o


==============================================================================

Image component sizes


      Code (inc. data)   RO Data    RW Data    ZI Data      Debug   Object Name

       128          0          0          0          0     463635   flash-ops.o
       506         30          0          0          0       3457   keyboard.o
      3900       1042          0         52        664      11780   main.o
       630         32       2072          0       1024       6369   oled.o
       200         16          0          1         64       3451   serial-ops.o
        36          8        304          0       1024        776   startup_stm32f103xe.o
       132         22          0          4          0       3479   stm32f1xx_hal.o
       228         14          0          0          0      27181   stm32f1xx_hal_cortex.o
      1222         52          0          0          0       4854   stm32f1xx_hal_dma.o
       388         46          0          0         32       4514   stm32f1xx_hal_flash.o
       240         26          0          0          0       3141   stm32f1xx_hal_flash_ex.o
       532         48          0          0          0       3970   stm32f1xx_hal_gpio.o
      1152         24          0          0          0       8537   stm32f1xx_hal_i2c.o
       468         86          0          0          0       2268   stm32f1xx_hal_msp.o
      1296        104          0          0          0       5444   stm32f1xx_hal_rcc.o
      1788         24          0          0          0      13578   stm32f1xx_hal_uart.o
       152         16          0          0          0       6053   stm32f1xx_it.o
        72         16         24          4          0       1079   system_stm32f1xx.o
      1668        428          0          0          0      10589   wifi-ops.o

    ----------------------------------------------------------------------
     14756       2034       2432         64       2812     584155   Object Totals
         0          0         32          0          0          0   (incl. Generated)
        18          0          0          3          4          0   (incl. Padding)

    ----------------------------------------------------------------------

      Code (inc. data)   RO Data    RW Data    ZI Data      Debug   Library Member Name

        28          0          0          0          0         68   _chval.o
       158          0          0          0          0         92   _strtoul.o
        26          0          0          0          0         80   atoi.o
        26          0          0          0          0         80   atol.o
         8          4        133          0          0         68   ctype_o.o
         0          0          0          0          0          0   entry.o
         0          0          0          0          0          0   entry10a.o
         0          0          0          0          0          0   entry11a.o
         8          4          0          0          0          0   entry2.o
         4          0          0          0          0          0   entry5.o
         0          0          0          0          0          0   entry7b.o
         0          0          0          0          0          0   entry8b.o
         8          4          0          0          0          0   entry9a.o
         8          4          0          4          0         68   errno.o
        30          0          0          0          0          0   handlers.o
        36          8          0          0          0         68   init.o
        32          0          0          0          0         68   llushr.o
        36          0          0          0          0         68   memcpya.o
        36          0          0          0          0        108   memseta.o
       954         14          0          0          0        572   printf6.o
        18          0          0          0          0         68   strcpy.o
        14          0          0          0          0         68   strlen.o
        30          0          0          0          0         80   strncmp.o
        36          0          0          0          0         80   strstr.o
       112          0          0          0          0         88   strtol.o
        44          0          0          0          0         80   uidiv.o

    ----------------------------------------------------------------------
      1660         38        136          4          0       1804   Library Totals
         8          0          3          0          0          0   (incl. Padding)

    ----------------------------------------------------------------------

      Code (inc. data)   RO Data    RW Data    ZI Data      Debug   Library Name

      1652         38        133          4          0       1804   mc_w.l

    ----------------------------------------------------------------------
      1660         38        136          4          0       1804   Library Totals

    ----------------------------------------------------------------------

==============================================================================


      Code (inc. data)   RO Data    RW Data    ZI Data      Debug   

     16416       2072       2568         68       2812     578519   Grand Totals
     16416       2072       2568         68       2812     578519   ELF Image Totals
     16416       2072       2568         68          0          0   ROM Totals

==============================================================================

    Total RO  Size (Code + RO Data)                18984 (  18.54kB)
    Total RW  Size (RW Data + ZI Data)              2880 (   2.81kB)
    Total ROM Size (Code + RO Data + RW Data)      19052 (  18.61kB)

==============================================================================

